Component: ARM Compiler 5.06 update 6 (build 750) Tool: armlink [4d35ed]

==============================================================================

Section Cross References

    startup_stm32f407xx.o(RESET) refers to startup_stm32f407xx.o(STACK) for __initial_sp
    startup_stm32f407xx.o(RESET) refers to startup_stm32f407xx.o(.text) for Reset_Handler
    startup_stm32f407xx.o(RESET) refers to stm32f4xx_it.o(i.NMI_Handler) for NMI_Handler
    startup_stm32f407xx.o(RESET) refers to stm32f4xx_it.o(i.HardFault_Handler) for HardFault_Handler
    startup_stm32f407xx.o(RESET) refers to stm32f4xx_it.o(i.MemManage_Handler) for MemManage_Handler
    startup_stm32f407xx.o(RESET) refers to stm32f4xx_it.o(i.BusFault_Handler) for BusFault_Handler
    startup_stm32f407xx.o(RESET) refers to stm32f4xx_it.o(i.UsageFault_Handler) for UsageFault_Handler
    startup_stm32f407xx.o(RESET) refers to port.o(.emb_text) for SVC_Handler
    startup_stm32f407xx.o(RESET) refers to stm32f4xx_it.o(i.DebugMon_Handler) for DebugMon_Handler
    startup_stm32f407xx.o(RESET) refers to stm32f4xx_it.o(i.SysTick_Handler) for SysTick_Handler
    startup_stm32f407xx.o(RESET) refers to stm32f4xx_it.o(i.DMA1_Stream1_IRQHandler) for DMA1_Stream1_IRQHandler
    startup_stm32f407xx.o(RESET) refers to stm32f4xx_it.o(i.DMA1_Stream3_IRQHandler) for DMA1_Stream3_IRQHandler
    startup_stm32f407xx.o(RESET) refers to stm32f4xx_it.o(i.TIM1_UP_TIM10_IRQHandler) for TIM1_UP_TIM10_IRQHandler
    startup_stm32f407xx.o(RESET) refers to stm32f4xx_it.o(i.USART3_IRQHandler) for USART3_IRQHandler
    startup_stm32f407xx.o(RESET) refers to stm32f4xx_it.o(i.DMA2_Stream1_IRQHandler) for DMA2_Stream1_IRQHandler
    startup_stm32f407xx.o(RESET) refers to stm32f4xx_it.o(i.DMA2_Stream6_IRQHandler) for DMA2_Stream6_IRQHandler
    startup_stm32f407xx.o(RESET) refers to stm32f4xx_it.o(i.USART6_IRQHandler) for USART6_IRQHandler
    startup_stm32f407xx.o(.text) refers to system_stm32f4xx.o(i.SystemInit) for SystemInit
    startup_stm32f407xx.o(.text) refers to entry.o(.ARM.Collect$$$$00000000) for __main
    system_stm32f4xx.o(i.SystemCoreClockUpdate) refers to system_stm32f4xx.o(.data) for .data
    system_stm32f4xx.o(i.SystemCoreClockUpdate) refers to system_stm32f4xx.o(.constdata) for .constdata
    stm32f4xx_hal_msp.o(i.HAL_ETH_MspDeInit) refers to stm32f4xx_hal_gpio.o(i.HAL_GPIO_DeInit) for HAL_GPIO_DeInit
    stm32f4xx_hal_msp.o(i.HAL_ETH_MspInit) refers to stm32f4xx_hal_gpio.o(i.HAL_GPIO_Init) for HAL_GPIO_Init
    stm32f4xx_hal_msp.o(i.HAL_HCD_MspDeInit) refers to stm32f4xx_hal_gpio.o(i.HAL_GPIO_DeInit) for HAL_GPIO_DeInit
    stm32f4xx_hal_msp.o(i.HAL_HCD_MspInit) refers to stm32f4xx_hal_gpio.o(i.HAL_GPIO_Init) for HAL_GPIO_Init
    stm32f4xx_hal_msp.o(i.HAL_MspInit) refers to stm32f4xx_hal_cortex.o(i.HAL_NVIC_SetPriorityGrouping) for HAL_NVIC_SetPriorityGrouping
    stm32f4xx_hal_msp.o(i.HAL_MspInit) refers to stm32f4xx_hal_cortex.o(i.HAL_NVIC_SetPriority) for HAL_NVIC_SetPriority
    stm32f4xx_hal_msp.o(i.HAL_UART_MspDeInit) refers to stm32f4xx_hal_gpio.o(i.HAL_GPIO_DeInit) for HAL_GPIO_DeInit
    stm32f4xx_hal_msp.o(i.HAL_UART_MspDeInit) refers to stm32f4xx_hal_dma.o(i.HAL_DMA_DeInit) for HAL_DMA_DeInit
    stm32f4xx_hal_msp.o(i.HAL_UART_MspDeInit) refers to stm32f4xx_hal_cortex.o(i.HAL_NVIC_DisableIRQ) for HAL_NVIC_DisableIRQ
    stm32f4xx_hal_msp.o(i.HAL_UART_MspInit) refers to stm32f4xx_hal_gpio.o(i.HAL_GPIO_Init) for HAL_GPIO_Init
    stm32f4xx_hal_msp.o(i.HAL_UART_MspInit) refers to stm32f4xx_hal_dma.o(i.HAL_DMA_Init) for HAL_DMA_Init
    stm32f4xx_hal_msp.o(i.HAL_UART_MspInit) refers to main.o(i._Error_Handler) for _Error_Handler
    stm32f4xx_hal_msp.o(i.HAL_UART_MspInit) refers to stm32f4xx_hal_cortex.o(i.HAL_NVIC_SetPriority) for HAL_NVIC_SetPriority
    stm32f4xx_hal_msp.o(i.HAL_UART_MspInit) refers to stm32f4xx_hal_cortex.o(i.HAL_NVIC_EnableIRQ) for HAL_NVIC_EnableIRQ
    stm32f4xx_hal_msp.o(i.HAL_UART_MspInit) refers to main.o(.bss) for hdma_usart3_rx
    stm32f4xx_hal_msp.o(i.HAL_UART_MspInit) refers to main.o(.bss) for hdma_usart3_tx
    stm32f4xx_hal_msp.o(i.HAL_UART_MspInit) refers to main.o(.bss) for hdma_usart6_tx
    stm32f4xx_hal_msp.o(i.HAL_UART_MspInit) refers to main.o(.bss) for hdma_usart6_rx
    main.o(i.BLE_Receive_USART) refers to stm32f4xx_hal_uart.o(i.HAL_UART_Receive_DMA) for HAL_UART_Receive_DMA
    main.o(i.BLE_Receive_USART) refers to bluetooth_interface.o(i.USART_From_BLE_To_PC) for USART_From_BLE_To_PC
    main.o(i.BLE_Receive_USART) refers to cmsis_os.o(i.osDelay) for osDelay
    main.o(i.BLE_Receive_USART) refers to bluetooth_interface.o(.bss) for BLE_Rx_Buff
    main.o(i.BLE_Receive_USART) refers to main.o(.bss) for .bss
    main.o(i.HAL_TIM_PeriodElapsedCallback) refers to stm32f4xx_hal.o(i.HAL_IncTick) for HAL_IncTick
    main.o(i.MX_DMA_Init) refers to stm32f4xx_hal_cortex.o(i.HAL_NVIC_SetPriority) for HAL_NVIC_SetPriority
[...]
    dc.s                                     0x00000000   Number         0  dc.o ABSOLUTE
    handlers.s                               0x00000000   Number         0  handlers.o ABSOLUTE
    init.s                                   0x00000000   Number         0  init.o ABSOLUTE
    startup_stm32f407xx.s                    0x00000000   Number         0  startup_stm32f407xx.o ABSOLUTE
    RESET                                    0x08000000   Section      392  startup_stm32f407xx.o(RESET)
    .ARM.Collect$$$$00000000                 0x08000188   Section        0  entry.o(.ARM.Collect$$$$00000000)
    .ARM.Collect$$$$00000001                 0x08000188   Section        4  entry2.o(.ARM.Collect$$$$00000001)
    .ARM.Collect$$$$00000004                 0x0800018c   Section        4  entry5.o(.ARM.Collect$$$$00000004)
    .ARM.Collect$$$$00000008                 0x08000190   Section        0  entry7b.o(.ARM.Collect$$$$00000008)
    .ARM.Collect$$$$0000000A                 0x08000190   Section        0  entry8b.o(.ARM.Collect$$$$0000000A)
    .ARM.Collect$$$$0000000B                 0x08000190   Section        8  entry9a.o(.ARM.Collect$$$$0000000B)
    .ARM.Collect$$$$0000000D                 0x08000198   Section        0  entry10a.o(.ARM.Collect$$$$0000000D)
    .ARM.Collect$$$$0000000F                 0x08000198   Section        0  entry11a.o(.ARM.Collect$$$$0000000F)
    .ARM.Collect$$$$00002712                 0x08000198   Section        4  entry2.o(.ARM.Collect$$$$00002712)
    __lit__00000000                          0x08000198   Data           4  entry2.o(.ARM.Collect$$$$00002712)
    .emb_text                                0x0800019c   Section      186  port.o(.emb_text)
    $v0                                      0x0800019c   Number         0  port.o(.emb_text)
    .text                                    0x08000258   Section       36  startup_stm32f407xx.o(.text)
    $v0                                      0x08000258   Number         0  startup_stm32f407xx.o(.text)
    .text                                    0x0800027c   Section        0  uldiv.o(.text)
    .text                                    0x080002de   Section        0  memcpya.o(.text)
    .text                                    0x08000302   Section        0  memseta.o(.text)
    .text                                    0x08000326   Section        0  llshl.o(.text)
    .text                                    0x08000344   Section        0  llushr.o(.text)
    .text                                    0x08000364   Section       36  init.o(.text)
    i.BLE_Receive                            0x08000388   Section        0  bluetooth_interface.o(i.BLE_Receive)
    i.BLE_Receive_USART                      0x08000434   Section        0  main.o(i.BLE_Receive_USART)
    i.BLE_Transmit                           0x08000454   Section        0  bluetooth_interface.o(i.BLE_Transmit)
    i.Bluetooth_Hardware_Reset               0x080004fc   Section        0  bluetooth_interface.o(i.Bluetooth_Hardware_Reset)
    i.BusFault_Handler                       0x08000568   Section        0  stm32f4xx_it.o(i.BusFault_Handler)
    i.DMA1_Stream1_IRQHandler                0x0800056c   Section        0  stm32f4xx_it.o(i.DMA1_Stream1_IRQHandler)
    i.DMA1_Stream3_IRQHandler                0x08000578   Section        0  stm32f4xx_it.o(i.DMA1_Stream3_IRQHandler)
    i.DMA2_Stream1_IRQHandler                0x08000584   Section        0  stm32f4xx_it.o(i.DMA2_Stream1_IRQHandler)
    i.DMA2_Stream6_IRQHandler                0x08000590   Section        0  stm32f4xx_it.o(i.DMA2_Stream6_IRQHandler)
    i.DMA_CalcBaseAndBitshift                0x0800059c   Section        0  stm32f4xx_hal_dma.o(i.DMA_CalcBaseAndBitshift)
    DMA_CalcBaseAndBitshift                  0x0800059d   Thumb Code    46  stm32f4xx_hal_dma.o(i.DMA_CalcBaseAndBitshift)
    i.DMA_CheckFifoParam                     0x080005d0   Section        0  stm32f4xx_hal_dma.o(i.DMA_CheckFifoParam)
    DMA_CheckFifoParam                       0x080005d1   Thumb Code   170  stm32f4xx_hal_dma.o(i.DMA_CheckFifoParam)
    i.DMA_SetConfig                          0x0800067a   Section        0  stm32f4xx_hal_dma.o(i.DMA_SetConfig)
    DMA_SetConfig                            0x0800067b   Thumb Code    44  stm32f4xx_hal_dma.o(i.DMA_SetConfig)
    i.DebugMon_Handler                       0x080006a6   Section        0  stm32f4xx_it.o(i.DebugMon_Handler)
    i.ETH_MACAddressConfig                   0x080006a8   Section        0  stm32f4xx_hal_eth.o(i.ETH_MACAddressConfig)
    ETH_MACAddressConfig                     0x080006a9   Thumb Code    82  stm32f4xx_hal_eth.o(i.ETH_MACAddressConfig)
    i.ETH_MACDMAConfig                       0x08000738   Section        0  stm32f4xx_hal_eth.o(i.ETH_MACDMAConfig)
    ETH_MACDMAConfig                         0x08000739   Thumb Code   566  stm32f4xx_hal_eth.o(i.ETH_MACDMAConfig)
    i.Get_Rx_Count                           0x0800097c   Section        0  bluetooth_interface.o(i.Get_Rx_Count)
    Get_Rx_Count                             0x0800097d   Thumb Code    10  bluetooth_interface.o(i.Get_Rx_Count)
    i.HAL_DMA_Abort_IT                       0x08000986   Section        0  stm32f4xx_hal_dma.o(i.HAL_DMA_Abort_IT)
    i.HAL_DMA_IRQHandler                     0x080009b0   Section        0  stm32f4xx_hal_dma.o(i.HAL_DMA_IRQHandler)
    i.HAL_DMA_Init                           0x08000bf0   Section        0  stm32f4xx_hal_dma.o(i.HAL_DMA_Init)
    i.HAL_DMA_Start_IT                       0x08000f4c   Section        0  stm32f4xx_hal_dma.o(i.HAL_DMA_Start_IT)
    i.HAL_Delay                              0x08001038   Section        0  stm32f4xx_hal.o(i.HAL_Delay)
    i.HAL_ETH_Init                           0x08001060   Section        0  stm32f4xx_hal_eth.o(i.HAL_ETH_Init)
    i.HAL_ETH_MspInit                        0x080013b8   Section        0  stm32f4xx_hal_msp.o(i.HAL_ETH_MspInit)
    i.HAL_ETH_ReadPHYRegister                0x08001454   Section        0  stm32f4xx_hal_eth.o(i.HAL_ETH_ReadPHYRegister)
    i.HAL_ETH_WritePHYRegister               0x08001530   Section        0  stm32f4xx_hal_eth.o(i.HAL_ETH_WritePHYRegister)
    i.HAL_GPIO_Init                          0x0800160c   Section        0  stm32f4xx_hal_gpio.o(i.HAL_GPIO_Init)
    i.HAL_GPIO_WritePin                      0x08001a4c   Section        0  stm32f4xx_hal_gpio.o(i.HAL_GPIO_WritePin)
    i.HAL_GetTick                            0x08001ac4   Section        0  stm32f4xx_hal.o(i.HAL_GetTick)
    i.HAL_HCD_Init                           0x08001ad0   Section        0  stm32f4xx_hal_hcd.o(i.HAL_HCD_Init)
    i.HAL_HCD_MspInit                        0x08001b80   Section        0  stm32f4xx_hal_msp.o(i.HAL_HCD_MspInit)
    i.HAL_IncTick                            0x08001bd4   Section        0  stm32f4xx_hal.o(i.HAL_IncTick)
    i.HAL_Init                               0x08001bec   Section        0  stm32f4xx_hal.o(i.HAL_Init)
    i.HAL_InitTick                           0x08001c28   Section        0  stm32f4xx_hal_timebase_tim.o(i.HAL_InitTick)
    i.HAL_MspInit                            0x08001c9c   Section        0  stm32f4xx_hal_msp.o(i.HAL_MspInit)
    i.HAL_NVIC_EnableIRQ                     0x08001cf4   Section        0  stm32f4xx_hal_cortex.o(i.HAL_NVIC_EnableIRQ)
    i.HAL_NVIC_SetPriority                   0x08001d5c   Section        0  stm32f4xx_hal_cortex.o(i.HAL_NVIC_SetPriority)
    i.HAL_NVIC_SetPriorityGrouping           0x08001e30   Section        0  stm32f4xx_hal_cortex.o(i.HAL_NVIC_SetPriorityGrouping)
    i.HAL_RCCEx_PeriphCLKConfig              0x08001eb8   Section        0  stm32f4xx_hal_rcc_ex.o(i.HAL_RCCEx_PeriphCLKConfig)
    i.HAL_RCC_ClockConfig                    0x08002264   Section        0  stm32f4xx_hal_rcc.o(i.HAL_RCC_ClockConfig)
    i.HAL_RCC_GetClockConfig                 0x08002520   Section        0  stm32f4xx_hal_rcc.o(i.HAL_RCC_GetClockConfig)
    i.HAL_RCC_GetHCLKFreq                    0x08002564   Section        0  stm32f4xx_hal_rcc.o(i.HAL_RCC_GetHCLKFreq)
    i.HAL_RCC_GetPCLK1Freq                   0x08002570   Section        0  stm32f4xx_hal_rcc.o(i.HAL_RCC_GetPCLK1Freq)
    i.HAL_RCC_GetPCLK2Freq                   0x08002590   Section        0  stm32f4xx_hal_rcc.o(i.HAL_RCC_GetPCLK2Freq)
    i.HAL_RCC_GetSysClockFreq                0x080025b0   Section        0  stm32f4xx_hal_rcc.o(i.HAL_RCC_GetSysClockFreq)
    i.HAL_RCC_MCOConfig                      0x08002660   Section        0  stm32f4xx_hal_rcc.o(i.HAL_RCC_MCOConfig)
    i.HAL_RCC_OscConfig                      0x080027d0   Section        0  stm32f4xx_hal_rcc.o(i.HAL_RCC_OscConfig)
    i.HAL_SYSTICK_CLKSourceConfig            0x08002d88   Section        0  stm32f4xx_hal_cortex.o(i.HAL_SYSTICK_CLKSourceConfig)
    i.HAL_SYSTICK_Config                     0x08002e04   Section        0  stm32f4xx_hal_cortex.o(i.HAL_SYSTICK_Config)
    i.HAL_TIMEx_BreakCallback                0x08002e38   Section        0  stm32f4xx_hal_tim_ex.o(i.HAL_TIMEx_BreakCallback)
    i.HAL_TIMEx_CommutationCallback          0x08002e3a   Section        0  stm32f4xx_hal_tim_ex.o(i.HAL_TIMEx_CommutationCallback)
    i.HAL_TIM_Base_Init                      0x08002e3c   Section        0  stm32f4xx_hal_tim.o(i.HAL_TIM_Base_Init)
    i.HAL_TIM_Base_MspInit                   0x08002f9c   Section        0  stm32f4xx_hal_tim.o(i.HAL_TIM_Base_MspInit)
    i.HAL_TIM_Base_Start_IT                  0x08002fa0   Section        0  stm32f4xx_hal_tim.o(i.HAL_TIM_Base_Start_IT)
    i.HAL_TIM_IC_CaptureCallback             0x080030a8   Section        0  stm32f4xx_hal_tim.o(i.HAL_TIM_IC_CaptureCallback)
    i.HAL_TIM_IRQHandler                     0x080030aa   Section        0  stm32f4xx_hal_tim.o(i.HAL_TIM_IRQHandler)
    i.HAL_TIM_OC_DelayElapsedCallback        0x08003240   Section        0  stm32f4xx_hal_tim.o(i.HAL_TIM_OC_DelayElapsedCallback)
    i.HAL_TIM_PWM_PulseFinishedCallback      0x08003242   Section        0  stm32f4xx_hal_tim.o(i.HAL_TIM_PWM_PulseFinishedCallback)
    i.HAL_TIM_PeriodElapsedCallback          0x08003244   Section        0  main.o(i.HAL_TIM_PeriodElapsedCallback)
    i.HAL_TIM_TriggerCallback                0x08003258   Section        0  stm32f4xx_hal_tim.o(i.HAL_TIM_TriggerCallback)
    i.HAL_UART_ErrorCallback                 0x0800325a   Section        0  hc0506_usart.o(i.HAL_UART_ErrorCallback)
    i.HAL_UART_IRQHandler                    0x0800325c   Section        0  stm32f4xx_hal_uart.o(i.HAL_UART_IRQHandler)
    i.HAL_UART_Init                          0x080033a8   Section        0  stm32f4xx_hal_uart.o(i.HAL_UART_Init)
    i.HAL_UART_MspInit                       0x08003530   Section        0  stm32f4xx_hal_msp.o(i.HAL_UART_MspInit)
    i.HAL_UART_Receive_DMA                   0x080036d0   Section        0  stm32f4xx_hal_uart.o(i.HAL_UART_Receive_DMA)
    i.HAL_UART_RxCpltCallback                0x08003794   Section        0  hc0506_usart.o(i.HAL_UART_RxCpltCallback)
    i.HAL_UART_RxHalfCpltCallback            0x08003796   Section        0  hc0506_usart.o(i.HAL_UART_RxHalfCpltCallback)
    i.HAL_UART_Transmit_DMA                  0x08003798   Section        0  stm32f4xx_hal_uart.o(i.HAL_UART_Transmit_DMA)
    i.HAL_UART_TxCpltCallback                0x08003834   Section        0  hc0506_usart.o(i.HAL_UART_TxCpltCallback)
    i.HAL_UART_TxHalfCpltCallback            0x08003836   Section        0  hc0506_usart.o(i.HAL_UART_TxHalfCpltCallback)
    i.HardFault_Handler                      0x08003838   Section        0  stm32f4xx_it.o(i.HardFault_Handler)
    i.ITM_SendChar                           0x0800383c   Section        0  retarget_io.o(i.ITM_SendChar)
    i.MX_DMA_Init                            0x08003860   Section        0  main.o(i.MX_DMA_Init)
    MX_DMA_Init                              0x08003861   Thumb Code   104  main.o(i.MX_DMA_Init)
    i.MX_ETH_Init                            0x080038cc   Section        0  main.o(i.MX_ETH_Init)
    MX_ETH_Init                              0x080038cd   Thumb Code    74  main.o(i.MX_ETH_Init)
    i.MX_GPIO_Init                           0x08003920   Section        0  main.o(i.MX_GPIO_Init)
    MX_GPIO_Init                             0x08003921   Thumb Code   398  main.o(i.MX_GPIO_Init)
    i.MemManage_Handler                      0x08003ac8   Section        0  stm32f4xx_it.o(i.MemManage_Handler)
    i.NMI_Handler                            0x08003aca   Section        0  stm32f4xx_it.o(i.NMI_Handler)
    i.NVIC_GetPriorityGrouping               0x08003acc   Section        0  stm32f4xx_hal_cortex.o(i.NVIC_GetPriorityGrouping)
    NVIC_GetPriorityGrouping                 0x08003acd   Thumb Code    10  stm32f4xx_hal_cortex.o(i.NVIC_GetPriorityGrouping)
    i.NVIC_SetPriority                       0x08003adc   Section        0  stm32f4xx_hal_cortex.o(i.NVIC_SetPriority)
    NVIC_SetPriority                         0x08003add   Thumb Code    32  stm32f4xx_hal_cortex.o(i.NVIC_SetPriority)
    i.PC_Receive                             0x08003b04   Section        0  bluetooth_interface.o(i.PC_Receive)
    i.PC_Receive_USART                       0x08003bb0   Section        0  main.o(i.PC_Receive_USART)
    i.PC_Transmit                            0x08003bd0   Section        0  bluetooth_interface.o(i.PC_Transmit)
    i.Rx_DMA_Reset                           0x08003c78   Section        0  bluetooth_interface.o(i.Rx_DMA_Reset)
    i.StartDefaultTask                       0x08004578   Section        0  main.o(i.StartDefaultTask)
    i.SysTick_Handler                        0x080045d8   Section        0  stm32f4xx_it.o(i.SysTick_Handler)
    i.SystemClock_Config                     0x080045dc   Section        0  main.o(i.SystemClock_Config)
    i.SystemInit                             0x0800469c   Section        0  system_stm32f4xx.o(i.SystemInit)
    i.TIM1_UP_TIM10_IRQHandler               0x080046f0   Section        0  stm32f4xx_it.o(i.TIM1_UP_TIM10_IRQHandler)
    i.TIM_Base_SetConfig                     0x080046fc   Section        0  stm32f4xx_hal_tim.o(i.TIM_Base_SetConfig)
    i.UART_DMAAbortOnError                   0x080047e0   Section        0  stm32f4xx_hal_uart.o(i.UART_DMAAbortOnError)
    UART_DMAAbortOnError                     0x080047e1   Thumb Code    20  stm32f4xx_hal_uart.o(i.UART_DMAAbortOnError)
    i.UART_DMAError                          0x080047f4   Section        0  stm32f4xx_hal_uart.o(i.UART_DMAError)
    UART_DMAError                            0x080047f5   Thumb Code    80  stm32f4xx_hal_uart.o(i.UART_DMAError)
    i.UART_DMAReceiveCplt                    0x08004844   Section        0  stm32f4xx_hal_uart.o(i.UART_DMAReceiveCplt)
    UART_DMAReceiveCplt                      0x08004845   Thumb Code    70  stm32f4xx_hal_uart.o(i.UART_DMAReceiveCplt)
    i.UART_DMARxHalfCplt                     0x0800488a   Section        0  stm32f4xx_hal_uart.o(i.UART_DMARxHalfCplt)
    UART_DMARxHalfCplt                       0x0800488b   Thumb Code    14  stm32f4xx_hal_uart.o(i.UART_DMARxHalfCplt)
    i.UART_DMATransmitCplt                   0x08004898   Section        0  stm32f4xx_hal_uart.o(i.UART_DMATransmitCplt)
    UART_DMATransmitCplt                     0x08004899   Thumb Code    54  stm32f4xx_hal_uart.o(i.UART_DMATransmitCplt)
    i.UART_DMATxHalfCplt                     0x080048ce   Section        0  stm32f4xx_hal_uart.o(i.UART_DMATxHalfCplt)
    UART_DMATxHalfCplt                       0x080048cf   Thumb Code    14  stm32f4xx_hal_uart.o(i.UART_DMATxHalfCplt)
    i.UART_EndRxTransfer                     0x080048dc   Section        0  stm32f4xx_hal_uart.o(i.UART_EndRxTransfer)
    UART_EndRxTransfer                       0x080048dd   Thumb Code    32  stm32f4xx_hal_uart.o(i.UART_EndRxTransfer)
    i.UART_EndTransmit_IT                    0x080048fc   Section        0  stm32f4xx_hal_uart.o(i.UART_EndTransmit_IT)
    UART_EndTransmit_IT                      0x080048fd   Thumb Code    32  stm32f4xx_hal_uart.o(i.UART_EndTransmit_IT)
    i.UART_EndTxTransfer                     0x0800491c   Section        0  stm32f4xx_hal_uart.o(i.UART_EndTxTransfer)
    UART_EndTxTransfer                       0x0800491d   Thumb Code    20  stm32f4xx_hal_uart.o(i.UART_EndTxTransfer)
    i.UART_Receive_IT                        0x08004930   Section        0  stm32f4xx_hal_uart.o(i.UART_Receive_IT)
    UART_Receive_IT                          0x08004931   Thumb Code   154  stm32f4xx_hal_uart.o(i.UART_Receive_IT)
    i.UART_SetConfig                         0x080049cc   Section        0  stm32f4xx_hal_uart.o(i.UART_SetConfig)
    UART_SetConfig                           0x080049cd   Thumb Code   966  stm32f4xx_hal_uart.o(i.UART_SetConfig)
    i.UART_Transmit_IT                       0x08004ddc   Section        0  stm32f4xx_hal_uart.o(i.UART_Transmit_IT)
    UART_Transmit_IT                         0x08004ddd   Thumb Code   104  stm32f4xx_hal_uart.o(i.UART_Transmit_IT)
    i.USART3_IRQHandler                      0x08004e44   Section        0  stm32f4xx_it.o(i.USART3_IRQHandler)
    i.USART6_IRQHandler                      0x08004e50   Section        0  stm32f4xx_it.o(i.USART6_IRQHandler)
    i.USART_From_BLE_To_PC                   0x08004e5c   Section        0  bluetooth_interface.o(i.USART_From_BLE_To_PC)
    i.USART_From_PC_To_BLE                   0x08004e9c   Section        0  bluetooth_interface.o(i.USART_From_PC_To_BLE)
    i.USB_CoreInit                           0x08004edc   Section        0  stm32f4xx_ll_usb.o(i.USB_CoreInit)
    i.USB_CoreReset                          0x08004f4c   Section        0  stm32f4xx_ll_usb.o(i.USB_CoreReset)
    USB_CoreReset                            0x08004f4d   Thumb Code    70  stm32f4xx_ll_usb.o(i.USB_CoreReset)
    i.USB_DisableGlobalInt                   0x08004f98   Section        0  stm32f4xx_ll_usb.o(i.USB_DisableGlobalInt)
    i.USB_DriveVbus                          0x08004fa6   Section        0  stm32f4xx_ll_usb.o(i.USB_DriveVbus)
    i.USB_FlushRxFifo                        0x08004fec   Section        0  stm32f4xx_ll_usb.o(i.USB_FlushRxFifo)
    i.USB_FlushTxFifo                        0x08005018   Section        0  stm32f4xx_ll_usb.o(i.USB_FlushTxFifo)
    i.USB_HostInit                           0x08005048   Section        0  stm32f4xx_ll_usb.o(i.USB_HostInit)
    i.USB_SetCurrentMode                     0x08005134   Section        0  stm32f4xx_ll_usb.o(i.USB_SetCurrentMode)
    i.UsageFault_Handler                     0x08005164   Section        0  stm32f4xx_it.o(i.UsageFault_Handler)
    i._Error_Handler                         0x08005166   Section        0  main.o(i._Error_Handler)
    i.__0printf$2                            0x08005168   Section        0  printf2.o(i.__0printf$2)
    i.__scatterload_copy                     0x08005188   Section       14  handlers.o(i.__scatterload_copy)
    i.__scatterload_null                     0x08005196   Section        2  handlers.o(i.__scatterload_null)
    i.__scatterload_zeroinit                 0x08005198   Section       14  handlers.o(i.__scatterload_zeroinit)
    i._printf_core                           0x080051a6   Section        0  printf2.o(i._printf_core)
    _printf_core                             0x080051a7   Thumb Code   214  printf2.o(i._printf_core)
    i.assert_failed                          0x0800527c   Section        0  main.o(i.assert_failed)
    i.fputc                                  0x08005280   Section        0  retarget_io.o(i.fputc)
    i.free                                   0x08005294   Section        0  malloc.o(i.free)
    i.main                                   0x080052e4   Section        0  main.o(i.main)
    i.makeFreeRtosPriority                   0x08005394   Section        0  cmsis_os.o(i.makeFreeRtosPriority)
    makeFreeRtosPriority                     0x08005395   Thumb Code    14  cmsis_os.o(i.makeFreeRtosPriority)
    i.malloc                                 0x080053a4   Section        0  malloc.o(i.malloc)
    i.osDelay                                0x08005410   Section        0  cmsis_os.o(i.osDelay)
    i.osKernelStart                          0x08005428   Section        0  cmsis_os.o(i.osKernelStart)
    i.osSystickHandler                       0x08005432   Section        0  cmsis_os.o(i.osSystickHandler)
    i.osThreadCreate                         0x08005442   Section        0  cmsis_os.o(i.osThreadCreate)
    i.prvAddCurrentTaskToDelayedList         0x08005474   Section        0  tasks.o(i.prvAddCurrentTaskToDelayedList)
    prvAddCurrentTaskToDelayedList           0x08005475   Thumb Code   124  tasks.o(i.prvAddCurrentTaskToDelayedList)
    i.prvAddNewTaskToReadyList               0x0800550c   Section        0  tasks.o(i.prvAddNewTaskToReadyList)
    prvAddNewTaskToReadyList                 0x0800550d   Thumb Code   150  tasks.o(i.prvAddNewTaskToReadyList)
    i.prvCheckTasksWaitingTermination        0x080055c0   Section        0  tasks.o(i.prvCheckTasksWaitingTermination)
    prvCheckTasksWaitingTermination          0x080055c1   Thumb Code    86  tasks.o(i.prvCheckTasksWaitingTermination)
    i.prvDeleteTCB                           0x08005624   Section        0  tasks.o(i.prvDeleteTCB)
    prvDeleteTCB                             0x08005625   Thumb Code    18  tasks.o(i.prvDeleteTCB)
    i.prvHeapInit                            0x08005638   Section        0  heap_4.o(i.prvHeapInit)
    prvHeapInit                              0x08005639   Thumb Code    98  heap_4.o(i.prvHeapInit)
    i.prvIdleTask                            0x080056b4   Section        0  tasks.o(i.prvIdleTask)
    prvIdleTask                              0x080056b5   Thumb Code    32  tasks.o(i.prvIdleTask)
    i.prvInitialiseNewTask                   0x080056dc   Section        0  tasks.o(i.prvInitialiseNewTask)
    prvInitialiseNewTask                     0x080056dd   Thumb Code   180  tasks.o(i.prvInitialiseNewTask)
    i.prvInitialiseTaskLists                 0x08005790   Section        0  tasks.o(i.prvInitialiseTaskLists)
    prvInitialiseTaskLists                   0x08005791   Thumb Code    70  tasks.o(i.prvInitialiseTaskLists)
    i.prvInsertBlockIntoFreeList             0x080057f8   Section        0  heap_4.o(i.prvInsertBlockIntoFreeList)
    prvInsertBlockIntoFreeList               0x080057f9   Thumb Code    96  heap_4.o(i.prvInsertBlockIntoFreeList)
    i.prvResetNextTaskUnblockTime            0x08005860   Section        0  tasks.o(i.prvResetNextTaskUnblockTime)
    prvResetNextTaskUnblockTime              0x08005861   Thumb Code    42  tasks.o(i.prvResetNextTaskUnblockTime)
    i.prvTaskExitError                       0x08005894   Section        0  port.o(i.prvTaskExitError)
    prvTaskExitError                         0x08005895   Thumb Code    60  port.o(i.prvTaskExitError)
    i.pvPortMalloc                           0x080058d4   Section        0  heap_4.o(i.pvPortMalloc)
    i.pxPortInitialiseStack                  0x08005a1c   Section        0  port.o(i.pxPortInitialiseStack)
    i.uxListRemove                           0x08005a48   Section        0  list.o(i.uxListRemove)
    i.vApplicationMallocFailedHook           0x08005a70   Section        0  freertos.o(i.vApplicationMallocFailedHook)
    i.vApplicationStackOverflowHook          0x08005a72   Section        0  freertos.o(i.vApplicationStackOverflowHook)
    i.vListInitialise                        0x08005a74   Section        0  list.o(i.vListInitialise)
    i.vListInitialiseItem                    0x08005a8e   Section        0  list.o(i.vListInitialiseItem)
    i.vListInsert                            0x08005a94   Section        0  list.o(i.vListInsert)
    i.vListInsertEnd                         0x08005ac8   Section        0  list.o(i.vListInsertEnd)
    i.vPortEnterCritical                     0x08005ae0   Section        0  port.o(i.vPortEnterCritical)
    i.vPortExitCritical                      0x08005b34   Section        0  port.o(i.vPortExitCritical)
    i.vPortFree                              0x08005b70   Section        0  heap_4.o(i.vPortFree)
    i.vPortSetupTimerInterrupt               0x08005c04   Section        0  port.o(i.vPortSetupTimerInterrupt)
    i.vTaskDelay                             0x08005c24   Section        0  tasks.o(i.vTaskDelay)
    i.vTaskStartScheduler                    0x08005c80   Section        0  tasks.o(i.vTaskStartScheduler)
    i.vTaskSuspendAll                        0x08005d08   Section        0  tasks.o(i.vTaskSuspendAll)
    i.vTaskSwitchContext                     0x08005d18   Section        0  tasks.o(i.vTaskSwitchContext)
    i.xPortStartScheduler                    0x08005ddc   Section        0  port.o(i.xPortStartScheduler)
    i.xPortSysTickHandler                    0x08005f18   Section        0  port.o(i.xPortSysTickHandler)
    i.xTaskCreate                            0x08005f4c   Section        0  tasks.o(i.xTaskCreate)
    i.xTaskGetSchedulerState                 0x08005fac   Section        0  tasks.o(i.xTaskGetSchedulerState)
    i.xTaskIncrementTick                     0x08005fcc   Section        0  tasks.o(i.xTaskIncrementTick)
    i.xTaskResumeAll                         0x08006114   Section        0  tasks.o(i.xTaskResumeAll)
    .constdata                               0x08006218   Section       16  system_stm32f4xx.o(.constdata)
    .constdata                               0x08006228   Section        8  system_stm32f4xx.o(.constdata)
    .constdata                               0x08006230   Section       60  main.o(.constdata)
    .constdata                               0x0800626c   Section        8  stm32f4xx_hal_dma.o(.constdata)
    flagBitshiftOffset                       0x0800626c   Data           8  stm32f4xx_hal_dma.o(.constdata)
    .conststring                             0x08006274   Section       44  main.o(.conststring)
    .data                                    0x20000000   Section        4  system_stm32f4xx.o(.data)
    .data                                    0x20000004   Section       12  main.o(.data)
    .data                                    0x20000010   Section       16  bluetooth_interface.o(.data)
    point_start                              0x20000018   Data           4  bluetooth_interface.o(.data)
    point_start                              0x2000001c   Data           4  bluetooth_interface.o(.data)
    .data                                    0x20000020   Section        9  stm32f4xx_hal.o(.data)
    .data                                    0x2000002c   Section       12  port.o(.data)
    uxCriticalNesting                        0x2000002c   Data           4  port.o(.data)
    ucMaxSysCallPriority                     0x20000030   Data           1  port.o(.data)
    ulMaxPRIGROUPValue                       0x20000034   Data           4  port.o(.data)
    .data                                    0x20000038   Section       24  heap_4.o(.data)
    xStart                                   0x20000038   Data           8  heap_4.o(.data)
    pxEnd                                    0x20000040   Data           4  heap_4.o(.data)
    xFreeBytesRemaining                      0x20000044   Data           4  heap_4.o(.data)
    xMinimumEverFreeBytesRemaining           0x20000048   Data           4  heap_4.o(.data)
    xBlockAllocatedBit                       0x2000004c   Data           4  heap_4.o(.data)
    .data                                    0x20000050   Section       60  tasks.o(.data)
    pxDelayedTaskList                        0x20000054   Data           4  tasks.o(.data)
    pxOverflowDelayedTaskList                0x20000058   Data           4  tasks.o(.data)
    uxDeletedTasksWaitingCleanUp             0x2000005c   Data           4  tasks.o(.data)
    uxCurrentNumberOfTasks                   0x20000060   Data           4  tasks.o(.data)
    xTickCount                               0x20000064   Data           4  tasks.o(.data)
    uxTopReadyPriority                       0x20000068   Data           4  tasks.o(.data)
    xSchedulerRunning                        0x2000006c   Data           4  tasks.o(.data)
    uxPendedTicks                            0x20000070   Data           4  tasks.o(.data)
    xYieldPending                            0x20000074   Data           4  tasks.o(.data)
    xNumOfOverflows                          0x20000078   Data           4  tasks.o(.data)
    uxTaskNumber                             0x2000007c   Data           4  tasks.o(.data)
    xNextTaskUnblockTime                     0x20000080   Data           4  tasks.o(.data)
    xIdleTaskHandle                          0x20000084   Data           4  tasks.o(.data)
    uxSchedulerSuspended                     0x20000088   Data           4  tasks.o(.data)
    .data                                    0x2000008c   Section        4  stdout.o(.data)
    .data                                    0x20000090   Section        4  mvars.o(.data)
    .data                                    0x20000094   Section        4  mvars.o(.data)
    .bss                                     0x20000098   Section      864  main.o(.bss)
    .bss                                     0x200003f8   Section       96  main.o(.bss)
    .bss                                     0x20000458   Section       96  main.o(.bss)
    .bss                                     0x200004b8   Section       96  main.o(.bss)
    .bss                                     0x20000518   Section       96  main.o(.bss)
    .bss                                     0x20000578   Section       60  stm32f4xx_hal_timebase_tim.o(.bss)
    .bss                                     0x200005b4   Section      200  bluetooth_interface.o(.bss)
    .bss                                     0x2000067c   Section    20480  heap_4.o(.bss)
    ucHeap                                   0x2000067c   Data       20480  heap_4.o(.bss)
    .bss                                     0x2000567c   Section      240  tasks.o(.bss)
    pxReadyTasksLists                        0x2000567c   Data         140  tasks.o(.bss)
    xDelayedTaskList1                        0x20005708   Data          20  tasks.o(.bss)
    xDelayedTaskList2                        0x2000571c   Data          20  tasks.o(.bss)
    xPendingReadyList                        0x20005730   Data          20  tasks.o(.bss)
    xTasksWaitingTermination                 0x20005744   Data          20  tasks.o(.bss)
    xSuspendedTaskList                       0x20005758   Data          20  tasks.o(.bss)
    HEAP                                     0x20005770   Section     8192  startup_stm32f407xx.o(HEAP)
    STACK                                    0x20007770   Section    16384  startup_stm32f407xx.o(STACK)

    Global Symbols

    Symbol Name                              Value     Ov Type        Size  Object(Section)

    BuildAttributes$$THM_ISAv4$E$P$D$K$B$S$7EM$VFPi3$EXTD16$VFPS$VFMA$PE$A:L22UL41UL21$X:L11$S22US41US21$IEEE1$IW$USESV6$~STKCKD$USESV7$~SHL$OSPACE$ROPI$EBA8$MICROLIB$REQ8$PRES8$EABIv2 0x00000000   Number         0  anon$$obj.o ABSOLUTE
    __ARM_use_no_argv                        0x00000000   Number         0  main.o ABSOLUTE
    _printf_a                                0x00000000   Number         0  stubs.o ABSOLUTE
    _printf_c                                0x00000000   Number         0  stubs.o ABSOLUTE
    _printf_charcount                        0x00000000   Number         0  stubs.o ABSOLUTE
    _printf_d                                0x00000000   Number         0  stubs.o ABSOLUTE
    _printf_e                                0x00000000   Number         0  stubs.o ABSOLUTE
    _printf_f                                0x00000000   Number         0  stubs.o ABSOLUTE
    _printf_flags                            0x00000000   Number         0  stubs.o ABSOLUTE
    _printf_fp_dec                           0x00000000   Number         0  stubs.o ABSOLUTE
    _printf_fp_hex                           0x00000000   Number         0  stubs.o ABSOLUTE
    _printf_g                                0x00000000   Number         0  stubs.o ABSOLUTE
    _printf_i                                0x00000000   Number         0  stubs.o ABSOLUTE
    _printf_int_dec                          0x00000000   Number         0  stubs.o ABSOLUTE
    _printf_l                                0x00000000   Number         0  stubs.o ABSOLUTE
    _printf_lc                               0x00000000   Number         0  stubs.o ABSOLUTE
    _printf_ll                               0x00000000   Number         0  stubs.o ABSOLUTE
    _printf_lld                              0x00000000   Number         0  stubs.o ABSOLUTE
    _printf_lli                              0x00000000   Number         0  stubs.o ABSOLUTE
    _printf_llo                              0x00000000   Number         0  stubs.o ABSOLUTE
    _printf_llu                              0x00000000   Number         0  stubs.o ABSOLUTE
    _printf_llx                              0x00000000   Number         0  stubs.o ABSOLUTE
    _printf_longlong_dec                     0x00000000   Number         0  stubs.o ABSOLUTE
    _printf_longlong_hex                     0x00000000   Number         0  stubs.o ABSOLUTE
    _printf_longlong_oct                     0x00000000   Number         0  stubs.o ABSOLUTE
    _printf_ls                               0x00000000   Number         0  stubs.o ABSOLUTE
    _printf_mbtowc                           0x00000000   Number         0  stubs.o ABSOLUTE
    _printf_n                                0x00000000   Number         0  stubs.o ABSOLUTE
    _printf_o                                0x00000000   Number         0  stubs.o ABSOLUTE
    _printf_p                                0x00000000   Number         0  stubs.o ABSOLUTE
    _printf_percent                          0x00000000   Number         0  stubs.o ABSOLUTE
    _printf_pre_padding                      0x00000000   Number         0  stubs.o ABSOLUTE
    _printf_return_value                     0x00000000   Number         0  stubs.o ABSOLUTE
    _printf_s                                0x00000000   Number         0  stubs.o ABSOLUTE
    _printf_sizespec                         0x00000000   Number         0  stubs.o ABSOLUTE
    _printf_str                              0x00000000   Number         0  stubs.o ABSOLUTE
    _printf_truncate_signed                  0x00000000   Number         0  stubs.o ABSOLUTE
    _printf_truncate_unsigned                0x00000000   Number         0  stubs.o ABSOLUTE
    _printf_u                                0x00000000   Number         0  stubs.o ABSOLUTE
    _printf_wc                               0x00000000   Number         0  stubs.o ABSOLUTE
    _printf_wctomb                           0x00000000   Number         0  stubs.o ABSOLUTE
    _printf_widthprec                        0x00000000   Number         0  stubs.o ABSOLUTE
    _printf_x                                0x00000000   Number         0  stubs.o ABSOLUTE
    __cpp_initialize__aeabi_                  - Undefined Weak Reference
    __cxa_finalize                            - Undefined Weak Reference
    __decompress                              - Undefined Weak Reference
    _clock_init                               - Undefined Weak Reference
    _microlib_exit                            - Undefined Weak Reference
    __Vectors_Size                           0x00000188   Number         0  startup_stm32f407xx.o ABSOLUTE
    __Vectors                                0x08000000   Data           4  startup_stm32f407xx.o(RESET)
    __Vectors_End                            0x08000188   Data           0  startup_stm32f407xx.o(RESET)
    __main                                   0x08000189   Thumb Code     0  entry.o(.ARM.Collect$$$$00000000)
    _main_stk                                0x08000189   Thumb Code     0  entry2.o(.ARM.Collect$$$$00000001)
    _main_scatterload                        0x0800018d   Thumb Code     0  entry5.o(.ARM.Collect$$$$00000004)
    __main_after_scatterload                 0x08000191   Thumb Code     0  entry5.o(.ARM.Collect$$$$00000004)
    _main_clock                              0x08000191   Thumb Code     0  entry7b.o(.ARM.Collect$$$$00000008)
    _main_cpp_init                           0x08000191   Thumb Code     0  entry8b.o(.ARM.Collect$$$$0000000A)
    _main_init                               0x08000191   Thumb Code     0  entry9a.o(.ARM.Collect$$$$0000000B)
    __rt_final_cpp                           0x08000199   Thumb Code     0  entry10a.o(.ARM.Collect$$$$0000000D)
    __rt_final_exit                          0x08000199   Thumb Code     0  entry11a.o(.ARM.Collect$$$$0000000F)
    SVC_Handler                              0x0800019d   Thumb Code    28  port.o(.emb_text)
    __asm___6_port_c_39a90d8d__prvStartFirstTask 0x080001bd   Thumb Code    28  port.o(.emb_text)
    __asm___6_port_c_39a90d8d__prvEnableVFP  0x080001dd   Thumb Code    16  port.o(.emb_text)
    PendSV_Handler                           0x080001f1   Thumb Code    92  port.o(.emb_text)
    vPortGetIPSR                             0x08000251   Thumb Code     6  port.o(.emb_text)
    Reset_Handler                            0x08000259   Thumb Code     8  startup_stm32f407xx.o(.text)
    ADC_IRQHandler                           0x08000273   Thumb Code     0  startup_stm32f407xx.o(.text)
    CAN1_RX0_IRQHandler                      0x08000273   Thumb Code     0  startup_stm32f407xx.o(.text)
    CAN1_RX1_IRQHandler                      0x08000273   Thumb Code     0  startup_stm32f407xx.o(.text)
    CAN1_SCE_IRQHandler                      0x08000273   Thumb Code     0  startup_stm32f407xx.o(.text)
    CAN1_TX_IRQHandler                       0x08000273   Thumb Code     0  startup_stm32f407xx.o(.text)
    CAN2_RX0_IRQHandler                      0x08000273   Thumb Code     0  startup_stm32f407xx.o(.text)
    CAN2_RX1_IRQHandler                      0x08000273   Thumb Code     0  startup_stm32f407xx.o(.text)
    CAN2_SCE_IRQHandler                      0x08000273   Thumb Code     0  startup_stm32f407xx.o(.text)
    CAN2_TX_IRQHandler                       0x08000273   Thumb Code     0  startup_stm32f407xx.o(.text)
    DCMI_IRQHandler                          0x08000273   Thumb Code     0  startup_stm32f407xx.o(.text)
    DMA1_Stream0_IRQHandler                  0x08000273   Thumb Code     0  startup_stm32f407xx.o(.text)
    DMA1_Stream2_IRQHandler                  0x08000273   Thumb Code     0  startup_stm32f407xx.o(.text)
    DMA1_Stream4_IRQHandler                  0x08000273   Thumb Code     0  startup_stm32f407xx.o(.text)
    DMA1_Stream5_IRQHandler                  0x08000273   Thumb Code     0  startup_stm32f407xx.o(.text)
    DMA1_Stream6_IRQHandler                  0x08000273   Thumb Code     0  startup_stm32f407xx.o(.text)
    DMA1_Stream7_IRQHandler                  0x08000273   Thumb Code     0  startup_stm32f407xx.o(.text)
    DMA2_Stream0_IRQHandler                  0x08000273   Thumb Code     0  startup_stm32f407xx.o(.text)
    DMA2_Stream2_IRQHandler                  0x08000273   Thumb Code     0  startup_stm32f407xx.o(.text)
    DMA2_Stream3_IRQHandler                  0x08000273   Thumb Code     0  startup_stm32f407xx.o(.text)
    DMA2_Stream4_IRQHandler                  0x08000273   Thumb Code     0  startup_stm32f407xx.o(.text)
    DMA2_Stream5_IRQHandler                  0x08000273   Thumb Code     0  startup_stm32f407xx.o(.text)
    DMA2_Stream7_IRQHandler                  0x08000273   Thumb Code     0  startup_stm32f407xx.o(.text)
    ETH_IRQHandler                           0x08000273   Thumb Code     0  startup_stm32f407xx.o(.text)
    ETH_WKUP_IRQHandler                      0x08000273   Thumb Code     0  startup_stm32f407xx.o(.text)
    EXTI0_IRQHandler                         0x08000273   Thumb Code     0  startup_stm32f407xx.o(.text)
    EXTI15_10_IRQHandler                     0x08000273   Thumb Code     0  startup_stm32f407xx.o(.text)
    EXTI1_IRQHandler                         0x08000273   Thumb Code     0  startup_stm32f407xx.o(.text)
    EXTI2_IRQHandler                         0x08000273   Thumb Code     0  startup_stm32f407xx.o(.text)
    EXTI3_IRQHandler                         0x08000273   Thumb Code     0  startup_stm32f407xx.o(.text)
    EXTI4_IRQHandler                         0x08000273   Thumb Code     0  startup_stm32f407xx.o(.text)
    EXTI9_5_IRQHandler                       0x08000273   Thumb Code     0  startup_stm32f407xx.o(.text)
    FLASH_IRQHandler                         0x08000273   Thumb Code     0  startup_stm32f407xx.o(.text)
    FMC_IRQHandler                           0x08000273   Thumb Code     0  startup_stm32f407xx.o(.text)
    FPU_IRQHandler                           0x08000273   Thumb Code     0  startup_stm32f407xx.o(.text)
    HASH_RNG_IRQHandler                      0x08000273   Thumb Code     0  startup_stm32f407xx.o(.text)
    I2C1_ER_IRQHandler                       0x08000273   Thumb Code     0  startup_stm32f407xx.o(.text)
    I2C1_EV_IRQHandler                       0x08000273   Thumb Code     0  startup_stm32f407xx.o(.text)
    I2C2_ER_IRQHandler                       0x08000273   Thumb Code     0  startup_stm32f407xx.o(.text)
    I2C2_EV_IRQHandler                       0x08000273   Thumb Code     0  startup_stm32f407xx.o(.text)
    I2C3_ER_IRQHandler                       0x08000273   Thumb Code     0  startup_stm32f407xx.o(.text)
    I2C3_EV_IRQHandler                       0x08000273   Thumb Code     0  startup_stm32f407xx.o(.text)
    OTG_FS_IRQHandler                        0x08000273   Thumb Code     0  startup_stm32f407xx.o(.text)
    OTG_FS_WKUP_IRQHandler                   0x08000273   Thumb Code     0  startup_stm32f407xx.o(.text)
    OTG_HS_EP1_IN_IRQHandler                 0x08000273   Thumb Code     0  startup_stm32f407xx.o(.text)
    OTG_HS_EP1_OUT_IRQHandler                0x08000273   Thumb Code     0  startup_stm32f407xx.o(.text)
    OTG_HS_IRQHandler                        0x08000273   Thumb Code     0  startup_stm32f407xx.o(.text)
    OTG_HS_WKUP_IRQHandler                   0x08000273   Thumb Code     0  startup_stm32f407xx.o(.text)
    PVD_IRQHandler                           0x08000273   Thumb Code     0  startup_stm32f407xx.o(.text)
    RCC_IRQHandler                           0x08000273   Thumb Code     0  startup_stm32f407xx.o(.text)
    RTC_Alarm_IRQHandler                     0x08000273   Thumb Code     0  startup_stm32f407xx.o(.text)
    RTC_WKUP_IRQHandler                      0x08000273   Thumb Code     0  startup_stm32f407xx.o(.text)
    SDIO_IRQHandler                          0x08000273   Thumb Code     0  startup_stm32f407xx.o(.text)
    SPI1_IRQHandler                          0x08000273   Thumb Code     0  startup_stm32f407xx.o(.text)
    SPI2_IRQHandler                          0x08000273   Thumb Code     0  startup_stm32f407xx.o(.text)
    SPI3_IRQHandler                          0x08000273   Thumb Code     0  startup_stm32f407xx.o(.text)
    TAMP_STAMP_IRQHandler                    0x08000273   Thumb Code     0  startup_stm32f407xx.o(.text)
    TIM1_BRK_TIM9_IRQHandler                 0x08000273   Thumb Code     0  startup_stm32f407xx.o(.text)
    TIM1_CC_IRQHandler                       0x08000273   Thumb Code     0  startup_stm32f407xx.o(.text)
    TIM1_TRG_COM_TIM11_IRQHandler            0x08000273   Thumb Code     0  startup_stm32f407xx.o(.text)
    TIM2_IRQHandler                          0x08000273   Thumb Code     0  startup_stm32f407xx.o(.text)
    TIM3_IRQHandler                          0x08000273   Thumb Code     0  startup_stm32f407xx.o(.text)
    TIM4_IRQHandler                          0x08000273   Thumb Code     0  startup_stm32f407xx.o(.text)
    TIM5_IRQHandler                          0x08000273   Thumb Code     0  startup_stm32f407xx.o(.text)
    TIM6_DAC_IRQHandler                      0x08000273   Thumb Code     0  startup_stm32f407xx.o(.text)
    TIM7_IRQHandler                          0x08000273   Thumb Code     0  startup_stm32f407xx.o(.text)
    TIM8_BRK_TIM12_IRQHandler                0x08000273   Thumb Code     0  startup_stm32f407xx.o(.text)
    TIM8_CC_IRQHandler                       0x08000273   Thumb Code     0  startup_stm32f407xx.o(.text)
    TIM8_TRG_COM_TIM14_IRQHandler            0x08000273   Thumb Code     0  startup_stm32f407xx.o(.text)
    TIM8_UP_TIM13_IRQHandler                 0x08000273   Thumb Code     0  startup_stm32f407xx.o(.text)
    UART4_IRQHandler                         0x08000273   Thumb Code     0  startup_stm32f407xx.o(.text)
    UART5_IRQHandler                         0x08000273   Thumb Code     0  startup_stm32f407xx.o(.text)
    USART1_IRQHandler                        0x08000273   Thumb Code     0  startup_stm32f407xx.o(.text)
    USART2_IRQHandler                        0x08000273   Thumb Code     0  startup_stm32f407xx.o(.text)
    WWDG_IRQHandler                          0x08000273   Thumb Code     0  startup_stm32f407xx.o(.text)
    __aeabi_uldivmod                         0x0800027d   Thumb Code    98  uldiv.o(.text)
    __aeabi_memcpy                           0x080002df   Thumb Code    36  memcpya.o(.text)
    __aeabi_memcpy4                          0x080002df   Thumb Code     0  memcpya.o(.text)
    __aeabi_memcpy8                          0x080002df   Thumb Code     0  memcpya.o(.text)
    __aeabi_memset                           0x08000303   Thumb Code    14  memseta.o(.text)
    __aeabi_memset4                          0x08000303   Thumb Code     0  memseta.o(.text)
    __aeabi_memset8                          0x08000303   Thumb Code     0  memseta.o(.text)
    __aeabi_memclr                           0x08000311   Thumb Code     4  memseta.o(.text)
    __aeabi_memclr4                          0x08000311   Thumb Code     0  memseta.o(.text)
    __aeabi_memclr8                          0x08000311   Thumb Code     0  memseta.o(.text)
    _memset$wrapper                          0x08000315   Thumb Code    18  memseta.o(.text)
    __aeabi_llsl                             0x08000327   Thumb Code    30  llshl.o(.text)
    _ll_shift_l                              0x08000327   Thumb Code     0  llshl.o(.text)
    __aeabi_llsr                             0x08000345   Thumb Code    32  llushr.o(.text)
    _ll_ushift_r                             0x08000345   Thumb Code     0  llushr.o(.text)
    __scatterload                            0x08000365   Thumb Code    28  init.o(.text)
    __scatterload_rt2                        0x08000365   Thumb Code     0  init.o(.text)
    BLE_Receive                              0x08000389   Thumb Code   124  bluetooth_interface.o(i.BLE_Receive)
    BLE_Receive_USART                        0x08000435   Thumb Code    22  main.o(i.BLE_Receive_USART)
    BLE_Transmit                             0x08000455   Thumb Code    66  bluetooth_interface.o(i.BLE_Transmit)
    Bluetooth_Hardware_Reset                 0x080004fd   Thumb Code    72  bluetooth_interface.o(i.Bluetooth_Hardware_Reset)
    BusFault_Handler                         0x08000569   Thumb Code     2  stm32f4xx_it.o(i.BusFault_Handler)
    DMA1_Stream1_IRQHandler                  0x0800056d   Thumb Code     6  stm32f4xx_it.o(i.DMA1_Stream1_IRQHandler)
    DMA1_Stream3_IRQHandler                  0x08000579   Thumb Code     6  stm32f4xx_it.o(i.DMA1_Stream3_IRQHandler)
    DMA2_Stream1_IRQHandler                  0x08000585   Thumb Code     6  stm32f4xx_it.o(i.DMA2_Stream1_IRQHandler)
    DMA2_Stream6_IRQHandler                  0x08000591   Thumb Code     6  stm32f4xx_it.o(i.DMA2_Stream6_IRQHandler)
    DebugMon_Handler                         0x080006a7   Thumb Code     2  stm32f4xx_it.o(i.DebugMon_Handler)
    HAL_DMA_Abort_IT                         0x08000987   Thumb Code    40  stm32f4xx_hal_dma.o(i.HAL_DMA_Abort_IT)
    HAL_DMA_IRQHandler                       0x080009b1   Thumb Code   570  stm32f4xx_hal_dma.o(i.HAL_DMA_IRQHandler)
    HAL_DMA_Init                             0x08000bf1   Thumb Code   792  stm32f4xx_hal_dma.o(i.HAL_DMA_Init)
    HAL_DMA_Start_IT                         0x08000f4d   Thumb Code   178  stm32f4xx_hal_dma.o(i.HAL_DMA_Start_IT)
    HAL_Delay                                0x08001039   Thumb Code    36  stm32f4xx_hal.o(i.HAL_Delay)
    HAL_ETH_Init                             0x08001061   Thumb Code   772  stm32f4xx_hal_eth.o(i.HAL_ETH_Init)
    HAL_ETH_MspInit                          0x080013b9   Thumb Code   136  stm32f4xx_hal_msp.o(i.HAL_ETH_MspInit)
    HAL_ETH_ReadPHYRegister                  0x08001455   Thumb Code   164  stm32f4xx_hal_eth.o(i.HAL_ETH_ReadPHYRegister)
    HAL_ETH_WritePHYRegister                 0x08001531   Thumb Code   162  stm32f4xx_hal_eth.o(i.HAL_ETH_WritePHYRegister)
    HAL_GPIO_Init                            0x0800160d   Thumb Code   954  stm32f4xx_hal_gpio.o(i.HAL_GPIO_Init)
    HAL_GPIO_WritePin                        0x08001a4d   Thumb Code    60  stm32f4xx_hal_gpio.o(i.HAL_GPIO_WritePin)
    HAL_GetTick                              0x08001ac5   Thumb Code     6  stm32f4xx_hal.o(i.HAL_GetTick)
    HAL_HCD_Init                             0x08001ad1   Thumb Code   116  stm32f4xx_hal_hcd.o(i.HAL_HCD_Init)
    HAL_HCD_MspInit                          0x08001b81   Thumb Code    76  stm32f4xx_hal_msp.o(i.HAL_HCD_MspInit)
    HAL_IncTick                              0x08001bd5   Thumb Code    16  stm32f4xx_hal.o(i.HAL_IncTick)
    HAL_Init                                 0x08001bed   Thumb Code    54  stm32f4xx_hal.o(i.HAL_Init)
    HAL_InitTick                             0x08001c29   Thumb Code   100  stm32f4xx_hal_timebase_tim.o(i.HAL_InitTick)
    HAL_MspInit                              0x08001c9d   Thumb Code    88  stm32f4xx_hal_msp.o(i.HAL_MspInit)
    HAL_NVIC_EnableIRQ                       0x08001cf5   Thumb Code    44  stm32f4xx_hal_cortex.o(i.HAL_NVIC_EnableIRQ)
    HAL_NVIC_SetPriority                     0x08001d5d   Thumb Code   152  stm32f4xx_hal_cortex.o(i.HAL_NVIC_SetPriority)
    HAL_NVIC_SetPriorityGrouping             0x08001e31   Thumb Code    66  stm32f4xx_hal_cortex.o(i.HAL_NVIC_SetPriorityGrouping)
    HAL_RCCEx_PeriphCLKConfig                0x08001eb9   Thumb Code   740  stm32f4xx_hal_rcc_ex.o(i.HAL_RCCEx_PeriphCLKConfig)
    HAL_RCC_ClockConfig                      0x08002265   Thumb Code   626  stm32f4xx_hal_rcc.o(i.HAL_RCC_ClockConfig)
    HAL_RCC_GetClockConfig                   0x08002521   Thumb Code    58  stm32f4xx_hal_rcc.o(i.HAL_RCC_GetClockConfig)
    HAL_RCC_GetHCLKFreq                      0x08002565   Thumb Code     6  stm32f4xx_hal_rcc.o(i.HAL_RCC_GetHCLKFreq)
    HAL_RCC_GetPCLK1Freq                     0x08002571   Thumb Code    22  stm32f4xx_hal_rcc.o(i.HAL_RCC_GetPCLK1Freq)
    HAL_RCC_GetPCLK2Freq                     0x08002591   Thumb Code    22  stm32f4xx_hal_rcc.o(i.HAL_RCC_GetPCLK2Freq)
    HAL_RCC_GetSysClockFreq                  0x080025b1   Thumb Code   162  stm32f4xx_hal_rcc.o(i.HAL_RCC_GetSysClockFreq)
    HAL_RCC_MCOConfig                        0x08002661   Thumb Code   300  stm32f4xx_hal_rcc.o(i.HAL_RCC_MCOConfig)
    HAL_RCC_OscConfig                        0x080027d1   Thumb Code  1456  stm32f4xx_hal_rcc.o(i.HAL_RCC_OscConfig)
    HAL_SYSTICK_CLKSourceConfig              0x08002d89   Thumb Code    62  stm32f4xx_hal_cortex.o(i.HAL_SYSTICK_CLKSourceConfig)
    HAL_SYSTICK_Config                       0x08002e05   Thumb Code    52  stm32f4xx_hal_cortex.o(i.HAL_SYSTICK_Config)
    HAL_TIMEx_BreakCallback                  0x08002e39   Thumb Code     2  stm32f4xx_hal_tim_ex.o(i.HAL_TIMEx_BreakCallback)
    HAL_TIMEx_CommutationCallback            0x08002e3b   Thumb Code     2  stm32f4xx_hal_tim_ex.o(i.HAL_TIMEx_CommutationCallback)
    HAL_TIM_Base_Init                        0x08002e3d   Thumb Code   242  stm32f4xx_hal_tim.o(i.HAL_TIM_Base_Init)
    HAL_TIM_Base_MspInit                     0x08002f9d   Thumb Code     2  stm32f4xx_hal_tim.o(i.HAL_TIM_Base_MspInit)
    HAL_TIM_Base_Start_IT                    0x08002fa1   Thumb Code   156  stm32f4xx_hal_tim.o(i.HAL_TIM_Base_Start_IT)
    HAL_TIM_IC_CaptureCallback               0x080030a9   Thumb Code     2  stm32f4xx_hal_tim.o(i.HAL_TIM_IC_CaptureCallback)
    HAL_TIM_IRQHandler                       0x080030ab   Thumb Code   406  stm32f4xx_hal_tim.o(i.HAL_TIM_IRQHandler)
    HAL_TIM_OC_DelayElapsedCallback          0x08003241   Thumb Code     2  stm32f4xx_hal_tim.o(i.HAL_TIM_OC_DelayElapsedCallback)
    HAL_TIM_PWM_PulseFinishedCallback        0x08003243   Thumb Code     2  stm32f4xx_hal_tim.o(i.HAL_TIM_PWM_PulseFinishedCallback)
    HAL_TIM_PeriodElapsedCallback            0x08003245   Thumb Code    14  main.o(i.HAL_TIM_PeriodElapsedCallback)
    HAL_TIM_TriggerCallback                  0x08003259   Thumb Code     2  stm32f4xx_hal_tim.o(i.HAL_TIM_TriggerCallback)
    HAL_UART_ErrorCallback                   0x0800325b   Thumb Code     2  hc0506_usart.o(i.HAL_UART_ErrorCallback)
    HAL_UART_IRQHandler                      0x0800325d   Thumb Code   326  stm32f4xx_hal_uart.o(i.HAL_UART_IRQHandler)
    HAL_UART_Init                            0x080033a9   Thumb Code   306  stm32f4xx_hal_uart.o(i.HAL_UART_Init)
    HAL_UART_MspInit                         0x08003531   Thumb Code   342  stm32f4xx_hal_msp.o(i.HAL_UART_MspInit)
    HAL_UART_Receive_DMA                     0x080036d1   Thumb Code   182  stm32f4xx_hal_uart.o(i.HAL_UART_Receive_DMA)
    HAL_UART_RxCpltCallback                  0x08003795   Thumb Code     2  hc0506_usart.o(i.HAL_UART_RxCpltCallback)
    HAL_UART_RxHalfCpltCallback              0x08003797   Thumb Code     2  hc0506_usart.o(i.HAL_UART_RxHalfCpltCallback)
    HAL_UART_Transmit_DMA                    0x08003799   Thumb Code   142  stm32f4xx_hal_uart.o(i.HAL_UART_Transmit_DMA)
    HAL_UART_TxCpltCallback                  0x08003835   Thumb Code     2  hc0506_usart.o(i.HAL_UART_TxCpltCallback)
    HAL_UART_TxHalfCpltCallback              0x08003837   Thumb Code     2  hc0506_usart.o(i.HAL_UART_TxHalfCpltCallback)
    HardFault_Handler                        0x08003839   Thumb Code     2  stm32f4xx_it.o(i.HardFault_Handler)
    ITM_SendChar                             0x0800383d   Thumb Code    32  retarget_io.o(i.ITM_SendChar)
    MemManage_Handler                        0x08003ac9   Thumb Code     2  stm32f4xx_it.o(i.MemManage_Handler)
    NMI_Handler                              0x08003acb   Thumb Code     2  stm32f4xx_it.o(i.NMI_Handler)
    PC_Receive                               0x08003b05   Thumb Code   124  bluetooth_interface.o(i.PC_Receive)
    PC_Receive_USART                         0x08003bb1   Thumb Code    22  main.o(i.PC_Receive_USART)
    PC_Transmit                              0x08003bd1   Thumb Code    66  bluetooth_interface.o(i.PC_Transmit)
    Rx_DMA_Reset                             0x08003c79   Thumb Code  2296  bluetooth_interface.o(i.Rx_DMA_Reset)
    StartDefaultTask                         0x08004579   Thumb Code    64  main.o(i.StartDefaultTask)
    SysTick_Handler                          0x080045d9   Thumb Code     4  stm32f4xx_it.o(i.SysTick_Handler)
    SystemClock_Config                       0x080045dd   Thumb Code   182  main.o(i.SystemClock_Config)
    SystemInit                               0x0800469d   Thumb Code    66  system_stm32f4xx.o(i.SystemInit)
    TIM1_UP_TIM10_IRQHandler                 0x080046f1   Thumb Code     6  stm32f4xx_it.o(i.TIM1_UP_TIM10_IRQHandler)
    TIM_Base_SetConfig                       0x080046fd   Thumb Code   184  stm32f4xx_hal_tim.o(i.TIM_Base_SetConfig)
    USART3_IRQHandler                        0x08004e45   Thumb Code     6  stm32f4xx_it.o(i.USART3_IRQHandler)
    USART6_IRQHandler                        0x08004e51   Thumb Code     6  stm32f4xx_it.o(i.USART6_IRQHandler)
    USART_From_BLE_To_PC                     0x08004e5d   Thumb Code    54  bluetooth_interface.o(i.USART_From_BLE_To_PC)
    USART_From_PC_To_BLE                     0x08004e9d   Thumb Code    54  bluetooth_interface.o(i.USART_From_PC_To_BLE)
    USB_CoreInit                             0x08004edd   Thumb Code   108  stm32f4xx_ll_usb.o(i.USB_CoreInit)
    USB_DisableGlobalInt                     0x08004f99   Thumb Code    14  stm32f4xx_ll_usb.o(i.USB_DisableGlobalInt)
    USB_DriveVbus                            0x08004fa7   Thumb Code    68  stm32f4xx_ll_usb.o(i.USB_DriveVbus)
    USB_FlushRxFifo                          0x08004fed   Thumb Code    38  stm32f4xx_ll_usb.o(i.USB_FlushRxFifo)
    USB_FlushTxFifo                          0x08005019   Thumb Code    44  stm32f4xx_ll_usb.o(i.USB_FlushTxFifo)
    USB_HostInit                             0x08005049   Thumb Code   214  stm32f4xx_ll_usb.o(i.USB_HostInit)
    USB_SetCurrentMode                       0x08005135   Thumb Code    48  stm32f4xx_ll_usb.o(i.USB_SetCurrentMode)
    UsageFault_Handler                       0x08005165   Thumb Code     2  stm32f4xx_it.o(i.UsageFault_Handler)
    _Error_Handler                           0x08005167   Thumb Code     2  main.o(i._Error_Handler)
    __0printf$2                              0x08005169   Thumb Code    22  printf2.o(i.__0printf$2)
    __1printf$2                              0x08005169   Thumb Code     0  printf2.o(i.__0printf$2)
    __2printf                                0x08005169   Thumb Code     0  printf2.o(i.__0printf$2)
    __scatterload_copy                       0x08005189   Thumb Code    14  handlers.o(i.__scatterload_copy)
    __scatterload_null                       0x08005197   Thumb Code     2  handlers.o(i.__scatterload_null)
    __scatterload_zeroinit                   0x08005199   Thumb Code    14  handlers.o(i.__scatterload_zeroinit)
    assert_failed                            0x0800527d   Thumb Code     2  main.o(i.assert_failed)
    fputc                                    0x08005281   Thumb Code    16  retarget_io.o(i.fputc)
    free                                     0x08005295   Thumb Code    76  malloc.o(i.free)
    main                                     0x080052e5   Thumb Code   154  main.o(i.main)
    malloc                                   0x080053a5   Thumb Code    92  malloc.o(i.malloc)
    osDelay                                  0x08005411   Thumb Code    24  cmsis_os.o(i.osDelay)
    osKernelStart                            0x08005429   Thumb Code    10  cmsis_os.o(i.osKernelStart)
    osSystickHandler                         0x08005433   Thumb Code    16  cmsis_os.o(i.osSystickHandler)
    osThreadCreate                           0x08005443   Thumb Code    48  cmsis_os.o(i.osThreadCreate)
    pvPortMalloc                             0x080058d5   Thumb Code   306  heap_4.o(i.pvPortMalloc)
    pxPortInitialiseStack                    0x08005a1d   Thumb Code    38  port.o(i.pxPortInitialiseStack)
    uxListRemove                             0x08005a49   Thumb Code    40  list.o(i.uxListRemove)
    vApplicationMallocFailedHook             0x08005a71   Thumb Code     2  freertos.o(i.vApplicationMallocFailedHook)
    vApplicationStackOverflowHook            0x08005a73   Thumb Code     2  freertos.o(i.vApplicationStackOverflowHook)
    vListInitialise                          0x08005a75   Thumb Code    26  list.o(i.vListInitialise)
    vListInitialiseItem                      0x08005a8f   Thumb Code     6  list.o(i.vListInitialiseItem)
    vListInsert                              0x08005a95   Thumb Code    52  list.o(i.vListInsert)
    vListInsertEnd                           0x08005ac9   Thumb Code    24  list.o(i.vListInsertEnd)
    vPortEnterCritical                       0x08005ae1   Thumb Code    76  port.o(i.vPortEnterCritical)
    vPortExitCritical                        0x08005b35   Thumb Code    56  port.o(i.vPortExitCritical)
    vPortFree                                0x08005b71   Thumb Code   140  heap_4.o(i.vPortFree)
    vPortSetupTimerInterrupt                 0x08005c05   Thumb Code    26  port.o(i.vPortSetupTimerInterrupt)
    vTaskDelay                               0x08005c25   Thumb Code    82  tasks.o(i.vTaskDelay)
    vTaskStartScheduler                      0x08005c81   Thumb Code   108  tasks.o(i.vTaskStartScheduler)
    vTaskSuspendAll                          0x08005d09   Thumb Code    12  tasks.o(i.vTaskSuspendAll)
    vTaskSwitchContext                       0x08005d19   Thumb Code   174  tasks.o(i.vTaskSwitchContext)
    xPortStartScheduler                      0x08005ddd   Thumb Code   288  port.o(i.xPortStartScheduler)
    xPortSysTickHandler                      0x08005f19   Thumb Code    46  port.o(i.xPortSysTickHandler)
    xTaskCreate                              0x08005f4d   Thumb Code    96  tasks.o(i.xTaskCreate)
    xTaskGetSchedulerState                   0x08005fad   Thumb Code    24  tasks.o(i.xTaskGetSchedulerState)
    xTaskIncrementTick                       0x08005fcd   Thumb Code   282  tasks.o(i.xTaskIncrementTick)
    xTaskResumeAll                           0x08006115   Thumb Code   224  tasks.o(i.xTaskResumeAll)
    AHBPrescTable                            0x08006218   Data          16  system_stm32f4xx.o(.constdata)
    APBPrescTable                            0x08006228   Data           8  system_stm32f4xx.o(.constdata)
    Region$$Table$$Base                      0x080062a0   Number         0  anon$$obj.o(Region$$Table)
    Region$$Table$$Limit                     0x080062c0   Number         0  anon$$obj.o(Region$$Table)
    SystemCoreClock                          0x20000000   Data           4  system_stm32f4xx.o(.data)
    defaultTaskHandle                        0x20000004   Data           4  main.o(.data)
    BLE_To_PC_Handle                         0x20000008   Data           4  main.o(.data)
    PC_To_BLE_TaskHandle                     0x2000000c   Data           4  main.o(.data)
    To_BLE_Tx_Cnt                            0x20000010   Data           4  bluetooth_interface.o(.data)
    To_PC_Tx_Cnt                             0x20000014   Data           4  bluetooth_interface.o(.data)
    uwTick                                   0x20000020   Data           4  stm32f4xx_hal.o(.data)
    uwTickPrio                               0x20000024   Data           4  stm32f4xx_hal.o(.data)
    uwTickFreq                               0x20000028   Data           1  stm32f4xx_hal.o(.data)
    pxCurrentTCB                             0x20000050   Data           4  tasks.o(.data)
    __stdout                                 0x2000008c   Data           4  stdout.o(.data)
    __microlib_freelist                      0x20000090   Data           4  mvars.o(.data)
    __microlib_freelist_initialised          0x20000094   Data           4  mvars.o(.data)
    heth                                     0x20000098   Data          72  main.o(.bss)
    huart3                                   0x200000e0   Data          64  main.o(.bss)
    huart6                                   0x20000120   Data          64  main.o(.bss)
    hhcd_USB_OTG_FS                          0x20000160   Data         664  main.o(.bss)
    hdma_usart3_rx                           0x200003f8   Data          96  main.o(.bss)
    hdma_usart3_tx                           0x20000458   Data          96  main.o(.bss)
    hdma_usart6_tx                           0x200004b8   Data          96  main.o(.bss)
    hdma_usart6_rx                           0x20000518   Data          96  main.o(.bss)
    htim1                                    0x20000578   Data          60  stm32f4xx_hal_timebase_tim.o(.bss)
    BLE_Rx_Buff                              0x200005b4   Data         100  bluetooth_interface.o(.bss)
    PC_Rx_Buff                               0x20000618   Data         100  bluetooth_interface.o(.bss)
    __heap_base                              0x20005770   Data           0  startup_stm32f407xx.o(HEAP)
    __heap_limit                             0x20007770   Data           0  startup_stm32f407xx.o(HEAP)
    __initial_sp                             0x2000b770   Data           0  startup_stm32f407xx.o(STACK)



==============================================================================

Memory Map of the image

  Image Entry point : 0x08000189

  Load Region LR_IROM1 (Base: 0x08000000, Size: 0x00006358, Max: 0x00100000, ABSOLUTE)

    Execution Region ER_IROM1 (Exec base: 0x08000000, Load base: 0x08000000, Size: 0x000062c0, Max: 0x00100000, ABSOLUTE)

    Exec Addr    Load Addr    Size         Type   Attr      Idx    E Section Name        Object

    0x08000000   0x08000000   0x00000188   Data   RO            3    RESET               startup_stm32f407xx.o
    0x08000188   0x08000188   0x00000000   Code   RO         4322  * .ARM.Collect$$$$00000000  mc_w.l(entry.o)
    0x08000188   0x08000188   0x00000004   Code   RO         4628    .ARM.Collect$$$$00000001  mc_w.l(entry2.o)
    0x0800018c   0x0800018c   0x00000004   Code   RO         4631    .ARM.Collect$$$$00000004  mc_w.l(entry5.o)
    0x08000190   0x08000190   0x00000000   Code   RO         4633    .ARM.Collect$$$$00000008  mc_w.l(entry7b.o)
    0x08000190   0x08000190   0x00000000   Code   RO         4635    .ARM.Collect$$$$0000000A  mc_w.l(entry8b.o)
    0x08000190   0x08000190   0x00000008   Code   RO         4636    .ARM.Collect$$$$0000000B  mc_w.l(entry9a.o)
    0x08000198   0x08000198   0x00000000   Code   RO         4638    .ARM.Collect$$$$0000000D  mc_w.l(entry10a.o)
    0x08000198   0x08000198   0x00000000   Code   RO         4640    .ARM.Collect$$$$0000000F  mc_w.l(entry11a.o)
    0x08000198   0x08000198   0x00000004   Code   RO         4629    .ARM.Collect$$$$00002712  mc_w.l(entry2.o)
    0x0800019c   0x0800019c   0x000000ba   Code   RO         3159    .emb_text           FreeRTOS.lib(port.o)
    0x08000256   0x08000256   0x00000002   PAD
    0x08000258   0x08000258   0x00000024   Code   RO            4    .text               startup_stm32f407xx.o
    0x0800027c   0x0800027c   0x00000062   Code   RO         4331    .text               mc_w.l(uldiv.o)
    0x080002de   0x080002de   0x00000024   Code   RO         4333    .text               mc_w.l(memcpya.o)
    0x08000302   0x08000302   0x00000024   Code   RO         4335    .text               mc_w.l(memseta.o)
    0x08000326   0x08000326   0x0000001e   Code   RO         4644    .text               mc_w.l(llshl.o)
    0x08000344   0x08000344   0x00000020   Code   RO         4646    .text               mc_w.l(llushr.o)
    0x08000364   0x08000364   0x00000024   Code   RO         4661    .text               mc_w.l(init.o)
    0x08000388   0x08000388   0x000000ac   Code   RO          538    i.BLE_Receive       bluetooth_interface.o
    0x08000434   0x08000434   0x00000020   Code   RO          215    i.BLE_Receive_USART  main.o
    0x08000454   0x08000454   0x000000a8   Code   RO          539    i.BLE_Transmit      bluetooth_interface.o
    0x080004fc   0x080004fc   0x0000006c   Code   RO          540    i.Bluetooth_Hardware_Reset  bluetooth_interface.o
    0x08000568   0x08000568   0x00000002   Code   RO          392    i.BusFault_Handler  stm32f4xx_it.o
    0x0800056a   0x0800056a   0x00000002   PAD
    0x0800056c   0x0800056c   0x0000000c   Code   RO          393    i.DMA1_Stream1_IRQHandler  stm32f4xx_it.o
    0x08000578   0x08000578   0x0000000c   Code   RO          394    i.DMA1_Stream3_IRQHandler  stm32f4xx_it.o
    0x08000584   0x08000584   0x0000000c   Code   RO          395    i.DMA2_Stream1_IRQHandler  stm32f4xx_it.o
    0x08000590   0x08000590   0x0000000c   Code   RO          396    i.DMA2_Stream6_IRQHandler  stm32f4xx_it.o
    0x0800059c   0x0800059c   0x00000034   Code   RO         2819    i.DMA_CalcBaseAndBitshift  HAL.lib(stm32f4xx_hal_dma.o)
    0x080005d0   0x080005d0   0x000000aa   Code   RO         2820    i.DMA_CheckFifoParam  HAL.lib(stm32f4xx_hal_dma.o)
    0x0800067a   0x0800067a   0x0000002c   Code   RO         2821    i.DMA_SetConfig     HAL.lib(stm32f4xx_hal_dma.o)
    0x080006a6   0x080006a6   0x00000002   Code   RO          397    i.DebugMon_Handler  stm32f4xx_it.o
    0x080006a8   0x080006a8   0x00000090   Code   RO         2487    i.ETH_MACAddressConfig  HAL.lib(stm32f4xx_hal_eth.o)
    0x08000738   0x08000738   0x00000244   Code   RO         2488    i.ETH_MACDMAConfig  HAL.lib(stm32f4xx_hal_eth.o)
    0x0800097c   0x0800097c   0x0000000a   Code   RO          541    i.Get_Rx_Count      bluetooth_interface.o
    0x08000986   0x08000986   0x00000028   Code   RO         2823    i.HAL_DMA_Abort_IT  HAL.lib(stm32f4xx_hal_dma.o)
    0x080009ae   0x080009ae   0x00000002   PAD
    0x080009b0   0x080009b0   0x00000240   Code   RO         2827    i.HAL_DMA_IRQHandler  HAL.lib(stm32f4xx_hal_dma.o)
    0x08000bf0   0x08000bf0   0x0000035c   Code   RO         2828    i.HAL_DMA_Init      HAL.lib(stm32f4xx_hal_dma.o)
    0x08000f4c   0x08000f4c   0x000000ec   Code   RO         2832    i.HAL_DMA_Start_IT  HAL.lib(stm32f4xx_hal_dma.o)
    0x08001038   0x08001038   0x00000028   Code   RO         2998    i.HAL_Delay         HAL.lib(stm32f4xx_hal.o)
    0x08001060   0x08001060   0x00000358   Code   RO         2503    i.HAL_ETH_Init      HAL.lib(stm32f4xx_hal_eth.o)
    0x080013b8   0x080013b8   0x0000009c   Code   RO          151    i.HAL_ETH_MspInit   stm32f4xx_hal_msp.o
    0x08001454   0x08001454   0x000000dc   Code   RO         2506    i.HAL_ETH_ReadPHYRegister  HAL.lib(stm32f4xx_hal_eth.o)
    0x08001530   0x08001530   0x000000dc   Code   RO         2512    i.HAL_ETH_WritePHYRegister  HAL.lib(stm32f4xx_hal_eth.o)
    0x0800160c   0x0800160c   0x00000440   Code   RO         2928    i.HAL_GPIO_Init     HAL.lib(stm32f4xx_hal_gpio.o)
    0x08001a4c   0x08001a4c   0x00000078   Code   RO         2932    i.HAL_GPIO_WritePin  HAL.lib(stm32f4xx_hal_gpio.o)
    0x08001ac4   0x08001ac4   0x0000000c   Code   RO         3004    i.HAL_GetTick       HAL.lib(stm32f4xx_hal.o)
    0x08001ad0   0x08001ad0   0x000000b0   Code   RO         1305    i.HAL_HCD_Init      HAL.lib(stm32f4xx_hal_hcd.o)
    0x08001b80   0x08001b80   0x00000054   Code   RO          153    i.HAL_HCD_MspInit   stm32f4xx_hal_msp.o
    0x08001bd4   0x08001bd4   0x00000018   Code   RO         3008    i.HAL_IncTick       HAL.lib(stm32f4xx_hal.o)
    0x08001bec   0x08001bec   0x0000003c   Code   RO         3009    i.HAL_Init          HAL.lib(stm32f4xx_hal.o)
    0x08001c28   0x08001c28   0x00000074   Code   RO          498    i.HAL_InitTick      stm32f4xx_hal_timebase_tim.o
    0x08001c9c   0x08001c9c   0x00000058   Code   RO          154    i.HAL_MspInit       stm32f4xx_hal_msp.o
    0x08001cf4   0x08001cf4   0x00000068   Code   RO         2684    i.HAL_NVIC_EnableIRQ  HAL.lib(stm32f4xx_hal_cortex.o)
    0x08001d5c   0x08001d5c   0x000000d4   Code   RO         2690    i.HAL_NVIC_SetPriority  HAL.lib(stm32f4xx_hal_cortex.o)
    0x08001e30   0x08001e30   0x00000088   Code   RO         2691    i.HAL_NVIC_SetPriorityGrouping  HAL.lib(stm32f4xx_hal_cortex.o)
    0x08001eb8   0x08001eb8   0x000003ac   Code   RO         2431    i.HAL_RCCEx_PeriphCLKConfig  HAL.lib(stm32f4xx_hal_rcc_ex.o)
    0x08002264   0x08002264   0x000002bc   Code   RO         1190    i.HAL_RCC_ClockConfig  HAL.lib(stm32f4xx_hal_rcc.o)
    0x08002520   0x08002520   0x00000044   Code   RO         1194    i.HAL_RCC_GetClockConfig  HAL.lib(stm32f4xx_hal_rcc.o)
    0x08002564   0x08002564   0x0000000c   Code   RO         1195    i.HAL_RCC_GetHCLKFreq  HAL.lib(stm32f4xx_hal_rcc.o)
    0x08002570   0x08002570   0x00000020   Code   RO         1197    i.HAL_RCC_GetPCLK1Freq  HAL.lib(stm32f4xx_hal_rcc.o)
    0x08002590   0x08002590   0x00000020   Code   RO         1198    i.HAL_RCC_GetPCLK2Freq  HAL.lib(stm32f4xx_hal_rcc.o)
    0x080025b0   0x080025b0   0x000000b0   Code   RO         1199    i.HAL_RCC_GetSysClockFreq  HAL.lib(stm32f4xx_hal_rcc.o)
    0x08002660   0x08002660   0x00000170   Code   RO         1200    i.HAL_RCC_MCOConfig  HAL.lib(stm32f4xx_hal_rcc.o)
    0x080027d0   0x080027d0   0x000005b8   Code   RO         1202    i.HAL_RCC_OscConfig  HAL.lib(stm32f4xx_hal_rcc.o)
    0x08002d88   0x08002d88   0x0000007c   Code   RO         2693    i.HAL_SYSTICK_CLKSourceConfig  HAL.lib(stm32f4xx_hal_cortex.o)
    0x08002e04   0x08002e04   0x00000034   Code   RO         2695    i.HAL_SYSTICK_Config  HAL.lib(stm32f4xx_hal_cortex.o)
    0x08002e38   0x08002e38   0x00000002   Code   RO         4050    i.HAL_TIMEx_BreakCallback  HAL.lib(stm32f4xx_hal_tim_ex.o)
    0x08002e3a   0x08002e3a   0x00000002   Code   RO         4051    i.HAL_TIMEx_CommutationCallback  HAL.lib(stm32f4xx_hal_tim_ex.o)
    0x08002e3c   0x08002e3c   0x00000160   Code   RO         1457    i.HAL_TIM_Base_Init  HAL.lib(stm32f4xx_hal_tim.o)
    0x08002f9c   0x08002f9c   0x00000002   Code   RO         1459    i.HAL_TIM_Base_MspInit  HAL.lib(stm32f4xx_hal_tim.o)
    0x08002f9e   0x08002f9e   0x00000002   PAD
    0x08002fa0   0x08002fa0   0x00000108   Code   RO         1462    i.HAL_TIM_Base_Start_IT  HAL.lib(stm32f4xx_hal_tim.o)
    0x080030a8   0x080030a8   0x00000002   Code   RO         1486    i.HAL_TIM_IC_CaptureCallback  HAL.lib(stm32f4xx_hal_tim.o)
    0x080030aa   0x080030aa   0x00000196   Code   RO         1499    i.HAL_TIM_IRQHandler  HAL.lib(stm32f4xx_hal_tim.o)
    0x08003240   0x08003240   0x00000002   Code   RO         1502    i.HAL_TIM_OC_DelayElapsedCallback  HAL.lib(stm32f4xx_hal_tim.o)
    0x08003242   0x08003242   0x00000002   Code   RO         1529    i.HAL_TIM_PWM_PulseFinishedCallback  HAL.lib(stm32f4xx_hal_tim.o)
    0x08003244   0x08003244   0x00000014   Code   RO          216    i.HAL_TIM_PeriodElapsedCallback  main.o
    0x08003258   0x08003258   0x00000002   Code   RO         1540    i.HAL_TIM_TriggerCallback  HAL.lib(stm32f4xx_hal_tim.o)
    0x0800325a   0x0800325a   0x00000002   Code   RO          637    i.HAL_UART_ErrorCallback  hc0506_usart.o
    0x0800325c   0x0800325c   0x0000014c   Code   RO         2120    i.HAL_UART_IRQHandler  HAL.lib(stm32f4xx_hal_uart.o)
    0x080033a8   0x080033a8   0x00000188   Code   RO         2121    i.HAL_UART_Init     HAL.lib(stm32f4xx_hal_uart.o)
    0x08003530   0x08003530   0x000001a0   Code   RO          156    i.HAL_UART_MspInit  stm32f4xx_hal_msp.o
    0x080036d0   0x080036d0   0x000000c4   Code   RO         2125    i.HAL_UART_Receive_DMA  HAL.lib(stm32f4xx_hal_uart.o)
    0x08003794   0x08003794   0x00000002   Code   RO          638    i.HAL_UART_RxCpltCallback  hc0506_usart.o
    0x08003796   0x08003796   0x00000002   Code   RO          639    i.HAL_UART_RxHalfCpltCallback  hc0506_usart.o
    0x08003798   0x08003798   0x0000009c   Code   RO         2130    i.HAL_UART_Transmit_DMA  HAL.lib(stm32f4xx_hal_uart.o)
    0x08003834   0x08003834   0x00000002   Code   RO          640    i.HAL_UART_TxCpltCallback  hc0506_usart.o
    0x08003836   0x08003836   0x00000002   Code   RO          641    i.HAL_UART_TxHalfCpltCallback  hc0506_usart.o
    0x08003838   0x08003838   0x00000002   Code   RO          398    i.HardFault_Handler  stm32f4xx_it.o
    0x0800383a   0x0800383a   0x00000002   PAD
    0x0800383c   0x0800383c   0x00000024   Code   RO          755    i.ITM_SendChar      retarget_io.o
    0x08003860   0x08003860   0x0000006c   Code   RO          217    i.MX_DMA_Init       main.o
    0x080038cc   0x080038cc   0x00000054   Code   RO          218    i.MX_ETH_Init       main.o
    0x08003920   0x08003920   0x000001a8   Code   RO          219    i.MX_GPIO_Init      main.o
    0x08003ac8   0x08003ac8   0x00000002   Code   RO          399    i.MemManage_Handler  stm32f4xx_it.o
    0x08003aca   0x08003aca   0x00000002   Code   RO          400    i.NMI_Handler       stm32f4xx_it.o
    0x08003acc   0x08003acc   0x00000010   Code   RO         2697    i.NVIC_GetPriorityGrouping  HAL.lib(stm32f4xx_hal_cortex.o)
    0x08003adc   0x08003adc   0x00000028   Code   RO         2698    i.NVIC_SetPriority  HAL.lib(stm32f4xx_hal_cortex.o)
    0x08003b04   0x08003b04   0x000000ac   Code   RO          542    i.PC_Receive        bluetooth_interface.o
    0x08003bb0   0x08003bb0   0x00000020   Code   RO          220    i.PC_Receive_USART  main.o
    0x08003bd0   0x08003bd0   0x000000a8   Code   RO          543    i.PC_Transmit       bluetooth_interface.o
    0x08003c78   0x08003c78   0x00000900   Code   RO          544    i.Rx_DMA_Reset      bluetooth_interface.o
    0x08004578   0x08004578   0x00000060   Code   RO          221    i.StartDefaultTask  main.o
    0x080045d8   0x080045d8   0x00000004   Code   RO          401    i.SysTick_Handler   stm32f4xx_it.o
    0x080045dc   0x080045dc   0x000000c0   Code   RO          222    i.SystemClock_Config  main.o
    0x0800469c   0x0800469c   0x00000054   Code   RO           14    i.SystemInit        system_stm32f4xx.o
    0x080046f0   0x080046f0   0x0000000c   Code   RO          402    i.TIM1_UP_TIM10_IRQHandler  stm32f4xx_it.o
    0x080046fc   0x080046fc   0x000000e4   Code   RO         1541    i.TIM_Base_SetConfig  HAL.lib(stm32f4xx_hal_tim.o)
    0x080047e0   0x080047e0   0x00000014   Code   RO         2134    i.UART_DMAAbortOnError  HAL.lib(stm32f4xx_hal_uart.o)
    0x080047f4   0x080047f4   0x00000050   Code   RO         2135    i.UART_DMAError     HAL.lib(stm32f4xx_hal_uart.o)
    0x08004844   0x08004844   0x00000046   Code   RO         2136    i.UART_DMAReceiveCplt  HAL.lib(stm32f4xx_hal_uart.o)
    0x0800488a   0x0800488a   0x0000000e   Code   RO         2138    i.UART_DMARxHalfCplt  HAL.lib(stm32f4xx_hal_uart.o)
    0x08004898   0x08004898   0x00000036   Code   RO         2140    i.UART_DMATransmitCplt  HAL.lib(stm32f4xx_hal_uart.o)
    0x080048ce   0x080048ce   0x0000000e   Code   RO         2142    i.UART_DMATxHalfCplt  HAL.lib(stm32f4xx_hal_uart.o)
    0x080048dc   0x080048dc   0x00000020   Code   RO         2144    i.UART_EndRxTransfer  HAL.lib(stm32f4xx_hal_uart.o)
    0x080048fc   0x080048fc   0x00000020   Code   RO         2145    i.UART_EndTransmit_IT  HAL.lib(stm32f4xx_hal_uart.o)
    0x0800491c   0x0800491c   0x00000014   Code   RO         2146    i.UART_EndTxTransfer  HAL.lib(stm32f4xx_hal_uart.o)
    0x08004930   0x08004930   0x0000009a   Code   RO         2147    i.UART_Receive_IT   HAL.lib(stm32f4xx_hal_uart.o)
    0x080049ca   0x080049ca   0x00000002   PAD
    0x080049cc   0x080049cc   0x00000410   Code   RO         2148    i.UART_SetConfig    HAL.lib(stm32f4xx_hal_uart.o)
    0x08004ddc   0x08004ddc   0x00000068   Code   RO         2149    i.UART_Transmit_IT  HAL.lib(stm32f4xx_hal_uart.o)
    0x08004e44   0x08004e44   0x0000000c   Code   RO          403    i.USART3_IRQHandler  stm32f4xx_it.o
    0x08004e50   0x08004e50   0x0000000c   Code   RO          404    i.USART6_IRQHandler  stm32f4xx_it.o
    0x08004e5c   0x08004e5c   0x00000040   Code   RO          545    i.USART_From_BLE_To_PC  bluetooth_interface.o
    0x08004e9c   0x08004e9c   0x00000040   Code   RO          546    i.USART_From_PC_To_BLE  bluetooth_interface.o
    0x08004edc   0x08004edc   0x00000070   Code   RO         3766    i.USB_CoreInit      HAL.lib(stm32f4xx_ll_usb.o)
    0x08004f4c   0x08004f4c   0x0000004c   Code   RO         3767    i.USB_CoreReset     HAL.lib(stm32f4xx_ll_usb.o)
    0x08004f98   0x08004f98   0x0000000e   Code   RO         3773    i.USB_DisableGlobalInt  HAL.lib(stm32f4xx_ll_usb.o)
    0x08004fa6   0x08004fa6   0x00000044   Code   RO         3775    i.USB_DriveVbus     HAL.lib(stm32f4xx_ll_usb.o)
    0x08004fea   0x08004fea   0x00000002   PAD
    0x08004fec   0x08004fec   0x0000002c   Code   RO         3782    i.USB_FlushRxFifo   HAL.lib(stm32f4xx_ll_usb.o)
    0x08005018   0x08005018   0x00000030   Code   RO         3783    i.USB_FlushTxFifo   HAL.lib(stm32f4xx_ll_usb.o)
    0x08005048   0x08005048   0x000000ec   Code   RO         3792    i.USB_HostInit      HAL.lib(stm32f4xx_ll_usb.o)
    0x08005134   0x08005134   0x00000030   Code   RO         3801    i.USB_SetCurrentMode  HAL.lib(stm32f4xx_ll_usb.o)
    0x08005164   0x08005164   0x00000002   Code   RO          405    i.UsageFault_Handler  stm32f4xx_it.o
    0x08005166   0x08005166   0x00000002   Code   RO          223    i._Error_Handler    main.o
    0x08005168   0x08005168   0x00000020   Code   RO         4406    i.__0printf$2       mc_w.l(printf2.o)
    0x08005188   0x08005188   0x0000000e   Code   RO         4669    i.__scatterload_copy  mc_w.l(handlers.o)
    0x08005196   0x08005196   0x00000002   Code   RO         4670    i.__scatterload_null  mc_w.l(handlers.o)
    0x08005198   0x08005198   0x0000000e   Code   RO         4671    i.__scatterload_zeroinit  mc_w.l(handlers.o)
    0x080051a6   0x080051a6   0x000000d6   Code   RO         4413    i._printf_core      mc_w.l(printf2.o)
    0x0800527c   0x0800527c   0x00000002   Code   RO          224    i.assert_failed     main.o
    0x0800527e   0x0800527e   0x00000002   PAD
    0x08005280   0x08005280   0x00000014   Code   RO          760    i.fputc             retarget_io.o
    0x08005294   0x08005294   0x00000050   Code   RO         4600    i.free              mc_w.l(malloc.o)
    0x080052e4   0x080052e4   0x000000b0   Code   RO          225    i.main              main.o
    0x08005394   0x08005394   0x0000000e   Code   RO          822    i.makeFreeRtosPriority  FreeRTOS.lib(cmsis_os.o)
    0x080053a2   0x080053a2   0x00000002   PAD
    0x080053a4   0x080053a4   0x0000006c   Code   RO         4601    i.malloc            mc_w.l(malloc.o)
    0x08005410   0x08005410   0x00000018   Code   RO          824    i.osDelay           FreeRTOS.lib(cmsis_os.o)
    0x08005428   0x08005428   0x0000000a   Code   RO          827    i.osKernelStart     FreeRTOS.lib(cmsis_os.o)
    0x08005432   0x08005432   0x00000010   Code   RO          860    i.osSystickHandler  FreeRTOS.lib(cmsis_os.o)
    0x08005442   0x08005442   0x00000030   Code   RO          861    i.osThreadCreate    FreeRTOS.lib(cmsis_os.o)
    0x08005472   0x08005472   0x00000002   PAD
    0x08005474   0x08005474   0x00000098   Code   RO         3474    i.prvAddCurrentTaskToDelayedList  FreeRTOS.lib(tasks.o)
    0x0800550c   0x0800550c   0x000000b4   Code   RO         3475    i.prvAddNewTaskToReadyList  FreeRTOS.lib(tasks.o)
    0x080055c0   0x080055c0   0x00000064   Code   RO         3476    i.prvCheckTasksWaitingTermination  FreeRTOS.lib(tasks.o)
    0x08005624   0x08005624   0x00000012   Code   RO         3477    i.prvDeleteTCB      FreeRTOS.lib(tasks.o)
    0x08005636   0x08005636   0x00000002   PAD
    0x08005638   0x08005638   0x0000007c   Code   RO         3412    i.prvHeapInit       FreeRTOS.lib(heap_4.o)
    0x080056b4   0x080056b4   0x00000028   Code   RO         3478    i.prvIdleTask       FreeRTOS.lib(tasks.o)
    0x080056dc   0x080056dc   0x000000b4   Code   RO         3479    i.prvInitialiseNewTask  FreeRTOS.lib(tasks.o)
    0x08005790   0x08005790   0x00000068   Code   RO         3480    i.prvInitialiseTaskLists  FreeRTOS.lib(tasks.o)
    0x080057f8   0x080057f8   0x00000068   Code   RO         3413    i.prvInsertBlockIntoFreeList  FreeRTOS.lib(heap_4.o)
    0x08005860   0x08005860   0x00000034   Code   RO         3481    i.prvResetNextTaskUnblockTime  FreeRTOS.lib(tasks.o)
    0x08005894   0x08005894   0x00000040   Code   RO         3160    i.prvTaskExitError  FreeRTOS.lib(port.o)
    0x080058d4   0x080058d4   0x00000148   Code   RO         3414    i.pvPortMalloc      FreeRTOS.lib(heap_4.o)
    0x08005a1c   0x08005a1c   0x0000002c   Code   RO         3161    i.pxPortInitialiseStack  FreeRTOS.lib(port.o)
    0x08005a48   0x08005a48   0x00000028   Code   RO         4286    i.uxListRemove      FreeRTOS.lib(list.o)
    0x08005a70   0x08005a70   0x00000002   Code   RO          361    i.vApplicationMallocFailedHook  freertos.o
    0x08005a72   0x08005a72   0x00000002   Code   RO          362    i.vApplicationStackOverflowHook  freertos.o
    0x08005a74   0x08005a74   0x0000001a   Code   RO         4287    i.vListInitialise   FreeRTOS.lib(list.o)
    0x08005a8e   0x08005a8e   0x00000006   Code   RO         4288    i.vListInitialiseItem  FreeRTOS.lib(list.o)
    0x08005a94   0x08005a94   0x00000034   Code   RO         4289    i.vListInsert       FreeRTOS.lib(list.o)
    0x08005ac8   0x08005ac8   0x00000018   Code   RO         4290    i.vListInsertEnd    FreeRTOS.lib(list.o)
    0x08005ae0   0x08005ae0   0x00000054   Code   RO         3163    i.vPortEnterCritical  FreeRTOS.lib(port.o)
    0x08005b34   0x08005b34   0x0000003c   Code   RO         3164    i.vPortExitCritical  FreeRTOS.lib(port.o)
    0x08005b70   0x08005b70   0x00000094   Code   RO         3415    i.vPortFree         FreeRTOS.lib(heap_4.o)
    0x08005c04   0x08005c04   0x00000020   Code   RO         3165    i.vPortSetupTimerInterrupt  FreeRTOS.lib(port.o)
    0x08005c24   0x08005c24   0x0000005c   Code   RO         3489    i.vTaskDelay        FreeRTOS.lib(tasks.o)
    0x08005c80   0x08005c80   0x00000088   Code   RO         3500    i.vTaskStartScheduler  FreeRTOS.lib(tasks.o)
    0x08005d08   0x08005d08   0x00000010   Code   RO         3502    i.vTaskSuspendAll   FreeRTOS.lib(tasks.o)
    0x08005d18   0x08005d18   0x000000c4   Code   RO         3503    i.vTaskSwitchContext  FreeRTOS.lib(tasks.o)
    0x08005ddc   0x08005ddc   0x0000013c   Code   RO         3167    i.xPortStartScheduler  FreeRTOS.lib(port.o)
    0x08005f18   0x08005f18   0x00000034   Code   RO         3168    i.xPortSysTickHandler  FreeRTOS.lib(port.o)
    0x08005f4c   0x08005f4c   0x00000060   Code   RO         3505    i.xTaskCreate       FreeRTOS.lib(tasks.o)
    0x08005fac   0x08005fac   0x00000020   Code   RO         3509    i.xTaskGetSchedulerState  FreeRTOS.lib(tasks.o)
    0x08005fcc   0x08005fcc   0x00000148   Code   RO         3512    i.xTaskIncrementTick  FreeRTOS.lib(tasks.o)
    0x08006114   0x08006114   0x00000104   Code   RO         3518    i.xTaskResumeAll    FreeRTOS.lib(tasks.o)
    0x08006218   0x08006218   0x00000010   Data   RO           15    .constdata          system_stm32f4xx.o
    0x08006228   0x08006228   0x00000008   Data   RO           16    .constdata          system_stm32f4xx.o
    0x08006230   0x08006230   0x0000003c   Data   RO          231    .constdata          main.o
    0x0800626c   0x0800626c   0x00000008   Data   RO         2834    .constdata          HAL.lib(stm32f4xx_hal_dma.o)
    0x08006274   0x08006274   0x0000002c   Data   RO          232    .conststring        main.o
    0x080062a0   0x080062a0   0x00000020   Data   RO         4667    Region$$Table       anon$$obj.o


    Execution Region RW_IRAM1 (Exec base: 0x20000000, Load base: 0x080062c0, Size: 0x0000b770, Max: 0x00020000, ABSOLUTE)

    Exec Addr    Load Addr    Size         Type   Attr      Idx    E Section Name        Object

    0x20000000   0x080062c0   0x00000004   Data   RW           17    .data               system_stm32f4xx.o
    0x20000004   0x080062c4   0x0000000c   Data   RW          233    .data               main.o
    0x20000010   0x080062d0   0x00000010   Data   RW          550    .data               bluetooth_interface.o
    0x20000020   0x080062e0   0x00000009   Data   RW         3016    .data               HAL.lib(stm32f4xx_hal.o)
    0x20000029   0x080062e9   0x00000003   PAD
    0x2000002c   0x080062ec   0x0000000c   Data   RW         3169    .data               FreeRTOS.lib(port.o)
    0x20000038   0x080062f8   0x00000018   Data   RW         3420    .data               FreeRTOS.lib(heap_4.o)
    0x20000050   0x08006310   0x0000003c   Data   RW         3521    .data               FreeRTOS.lib(tasks.o)
    0x2000008c   0x0800634c   0x00000004   Data   RW         4329    .data               mc_w.l(stdout.o)
    0x20000090   0x08006350   0x00000004   Data   RW         4648    .data               mc_w.l(mvars.o)
    0x20000094   0x08006354   0x00000004   Data   RW         4649    .data               mc_w.l(mvars.o)
    0x20000098        -       0x00000360   Zero   RW          226    .bss                main.o
    0x200003f8        -       0x00000060   Zero   RW          227    .bss                main.o
    0x20000458        -       0x00000060   Zero   RW          228    .bss                main.o
    0x200004b8        -       0x00000060   Zero   RW          229    .bss                main.o
    0x20000518        -       0x00000060   Zero   RW          230    .bss                main.o
    0x20000578        -       0x0000003c   Zero   RW          501    .bss                stm32f4xx_hal_timebase_tim.o
    0x200005b4        -       0x000000c8   Zero   RW          547    .bss                bluetooth_interface.o
    0x2000067c        -       0x00005000   Zero   RW         3419    .bss                FreeRTOS.lib(heap_4.o)
    0x2000567c        -       0x000000f0   Zero   RW         3520    .bss                FreeRTOS.lib(tasks.o)
    0x2000576c   0x08006358   0x00000004   PAD
    0x20005770        -       0x00002000   Zero   RW            2    HEAP                startup_stm32f407xx.o
    0x20007770        -       0x00004000   Zero   RW            1    STACK               startup_stm32f407xx.o


==============================================================================

Image component sizes


      Code (inc. data)   RO Data    RW Data    ZI Data      Debug   Object Name

      3230        374          0         16        200       8299   bluetooth_interface.o
         4          0          0          0          0       1079   freertos.o
        10          0          0          0          0       4641   hc0506_usart.o
      1168        130        104         12       1248      29612   main.o
        56          8          0          0          0       2063   retarget_io.o
        36          8        392          0      24576        856   startup_stm32f407xx.o
       744        102          0          0          0       3487   stm32f4xx_hal_msp.o
       116         16          0          0         60       1504   stm32f4xx_hal_timebase_tim.o
       100         42          0          0          0       6722   stm32f4xx_it.o
        84         18         24          4          0     721287   system_stm32f4xx.o

    ----------------------------------------------------------------------
      5554        698        552         32      26084     779550   Object Totals
         0          0         32          0          0          0   (incl. Generated)
         6          0          0          0          0          0   (incl. Padding)

    ----------------------------------------------------------------------

      Code (inc. data)   RO Data    RW Data    ZI Data      Debug   Library Member Name

       112          0          0          0          0      13198   cmsis_os.o
       704         64          0         24      20480       7483   heap_4.o
       148          0          0          0          0       3678   list.o
       838         78          0         12          0      11308   port.o
         0          0          0          0          0       9580   queue.o
      1982        278          0         60        240      16758   tasks.o
       136         24          0          9          0       3998   stm32f4xx_hal.o
       684        266          0          0          0      31825   stm32f4xx_hal_cortex.o
      1978        138          8          0          0       6646   stm32f4xx_hal_dma.o
      2020        274          0          0          0       5568   stm32f4xx_hal_eth.o
      1208        194          0          0          0       2772   stm32f4xx_hal_gpio.o
       176         60          0          0          0       1155   stm32f4xx_hal_hcd.o
      2852        274          0          0          0       7629   stm32f4xx_hal_rcc.o
       940        200          0          0          0       1600   stm32f4xx_hal_rcc_ex.o
      1260        262          0          0          0       6626   stm32f4xx_hal_tim.o
         4          0          0          0          0       1630   stm32f4xx_hal_tim_ex.o
      2710        194          0          0          0      11933   stm32f4xx_hal_uart.o
       646         42          0          0          0       6202   stm32f4xx_ll_usb.o
         0          0          0          0          0          0   entry.o
         0          0          0          0          0          0   entry10a.o
         0          0          0          0          0          0   entry11a.o
         8          4          0          0          0          0   entry2.o
         4          0          0          0          0          0   entry5.o
         0          0          0          0          0          0   entry7b.o
         0          0          0          0          0          0   entry8b.o
         8          4          0          0          0          0   entry9a.o
        30          0          0          0          0          0   handlers.o
        36          8          0          0          0         68   init.o
        30          0          0          0          0         68   llshl.o
        32          0          0          0          0         68   llushr.o
       188         20          0          0          0        160   malloc.o
        36          0          0          0          0         68   memcpya.o
        36          0          0          0          0        108   memseta.o
         0          0          0          8          0          0   mvars.o
       246         10          0          0          0        176   printf2.o
         0          0          0          4          0          0   stdout.o
        98          0          0          0          0         92   uldiv.o

    ----------------------------------------------------------------------
     19166       2394          8        120      20724     150397   Library Totals
        16          0          0          3          4          0   (incl. Padding)

    ----------------------------------------------------------------------

      Code (inc. data)   RO Data    RW Data    ZI Data      Debug   Library Name

      3784        420          0         96      20720      62005   FreeRTOS.lib
     14614       1928          8          9          0      87584   HAL.lib
       752         46          0         12          0        808   mc_w.l

    ----------------------------------------------------------------------
     19166       2394          8        120      20724     150397   Library Totals

    ----------------------------------------------------------------------

==============================================================================


      Code (inc. data)   RO Data    RW Data    ZI Data      Debug   

     24720       3092        560        152      46808     915087   Grand Totals
     24720       3092        560        152      46808     915087   ELF Image Totals
     24720       3092        560        152          0          0   ROM Totals

==============================================================================

    Total RO  Size (Code + RO Data)                25280 (  24.69kB)
    Total RW  Size (RW Data + ZI Data)             46960 (  45.86kB)
    Total ROM Size (Code + RO Data + RW Data)      25432 (  24.84kB)

==============================================================================

